Read1 before filtering:
total reads: 2181600
total bases: 121342980
Q20 bases: 111882001(92.2031%)
Q30 bases: 106691797(87.9258%)

Read2 before filtering:
total reads: 2181600
total bases: 120350321
Q20 bases: 109988900(91.3906%)
Q30 bases: 106748981(88.6985%)

Merged and filtered:
total reads: 2138822
total bases: 106884493
Q20 bases: 106036075(99.2062%)
Q30 bases: 103325204(96.67%)

Filtering result:
reads passed filter: 4291212
reads failed due to low quality: 69024
reads failed due to too many N: 2964
reads failed due to too short: 0
reads corrected by overlap analysis: 760850
bases corrected by overlap analysis: 1061404

Duplication rate: 93.7811%

Insert size peak (evaluated by paired-end reads): 50

Read pairs merged: 2138822
% of original read pairs: 98.0391%
% in reads after filtering: 100%


JSON report: Merged/DK3_4.json
HTML report: Merged/DK3_4.html

fastp -A -m -c --overlap_len_require 10 --merged_out Merged/DK3_4.fq.gz -i Trim/DK3_4.1.fq.gz -I Trim/DK3_4.2.fq.gz -o Merged/DK3_4.un.1.fq.gz -O Merged/DK3_4.un.2.fq.gz -j Merged/DK3_4.json -h Merged/DK3_4.html 
fastp v0.23.4, time used: 5 seconds
