Read1 before filtering:
total reads: 2592136
total bases: 153032317
Q20 bases: 136142316(88.9631%)
Q30 bases: 127821007(83.5255%)

Read2 before filtering:
total reads: 2592136
total bases: 151144448
Q20 bases: 131772398(87.1831%)
Q30 bases: 126145052(83.4599%)

Merged and filtered:
total reads: 2505509
total bases: 125289183
Q20 bases: 124153455(99.0935%)
Q30 bases: 120691014(96.33%)

Filtering result:
reads passed filter: 5042160
reads failed due to low quality: 135094
reads failed due to too many N: 7018
reads failed due to too short: 0
reads corrected by overlap analysis: 950606
bases corrected by overlap analysis: 1339315

Duplication rate: 88.2179%

Insert size peak (evaluated by paired-end reads): 50

Read pairs merged: 2505509
% of original read pairs: 96.6581%
% in reads after filtering: 100%


JSON report: Merged/DK3_2.json
HTML report: Merged/DK3_2.html

fastp -A -m -c --overlap_len_require 10 --merged_out Merged/DK3_2.fq.gz -i Trim/DK3_2.1.fq.gz -I Trim/DK3_2.2.fq.gz -o Merged/DK3_2.un.1.fq.gz -O Merged/DK3_2.un.2.fq.gz -j Merged/DK3_2.json -h Merged/DK3_2.html 
fastp v0.23.4, time used: 5 seconds
