Read1 before filtering:
total reads: 2357622
total bases: 139204339
Q20 bases: 123855527(88.9739%)
Q30 bases: 116335752(83.5719%)

Read2 before filtering:
total reads: 2357622
total bases: 134015324
Q20 bases: 119164426(88.9185%)
Q30 bases: 114739920(85.617%)

Merged and filtered:
total reads: 2291893
total bases: 114393494
Q20 bases: 113369438(99.1048%)
Q30 bases: 110270379(96.3957%)

Filtering result:
reads passed filter: 4604594
reads failed due to low quality: 105818
reads failed due to too many N: 4832
reads failed due to too short: 0
reads corrected by overlap analysis: 858276
bases corrected by overlap analysis: 1203230

Duplication rate: 91.1338%

Insert size peak (evaluated by paired-end reads): 50

Read pairs merged: 2291893
% of original read pairs: 97.2121%
% in reads after filtering: 100%


JSON report: Merged/DK3_3.json
HTML report: Merged/DK3_3.html

fastp -A -m -c --overlap_len_require 10 --merged_out Merged/DK3_3.fq.gz -i Trim/DK3_3.1.fq.gz -I Trim/DK3_3.2.fq.gz -o Merged/DK3_3.un.1.fq.gz -O Merged/DK3_3.un.2.fq.gz -j Merged/DK3_3.json -h Merged/DK3_3.html 
fastp v0.23.4, time used: 6 seconds
