This is cutadapt 5.2 with Python 3.11.0
Command line parameters: -O 3 -U 1 -m 15 --nextseq-trim=20 -j 24 --trim-n -q 20 -a AAGATCGGAAGAGCACACGTCTGAACTCCAGTCAC -g GTGACTGGAGTTCAGACGTGTGCTCTTCCGATCTT -A AGATCGGAAGAGCGTCGTGTAGGGAAAGAGTGT -o Trim/DK6_5.1.fq.gz -p Trim/DK6_5.2.fq.gz /stor/work/Lambowitz/Data/NGS//JA26026/DK6_5.1.fq.gz /stor/work/Lambowitz/Data/NGS//JA26026/DK6_5.2.fq.gz
Processing paired-end reads on 24 cores ...

=== Summary ===

Total read pairs processed:          2,203,567
  Read 1 with adapter:               1,971,051 (89.4%)
  Read 2 with adapter:               2,137,430 (97.0%)

== Read fate breakdown ==
Pairs that were too short:               6,804 (0.3%)
Pairs written (passing filters):     2,196,763 (99.7%)

Total basepairs processed: 1,322,140,200 bp
  Read 1:   661,070,100 bp
  Read 2:   661,070,100 bp
Quality-trimmed:             717,416,734 bp (54.3%)
  Read 1:   347,948,682 bp
  Read 2:   369,468,052 bp
Total written (filtered):    233,874,341 bp (17.7%)
  Read 1:   123,750,522 bp
  Read 2:   110,123,819 bp

=== First read: Adapter 1 ===

Sequence: AAGATCGGAAGAGCACACGTCTGAACTCCAGTCAC; Type: regular 3'; Length: 35; Trimmed: 1971045 times

Minimum overlap: 3
No. of allowed errors:
1-9 bp: 0; 10-19 bp: 1; 20-29 bp: 2; 30-35 bp: 3

Bases preceding removed adapters:
  A: 99.1%
  C: 0.3%
  G: 0.3%
  T: 0.1%
  none/other: 0.3%
WARNING:
    The adapter is preceded by 'A' extremely often.
    The provided adapter sequence could be incomplete at its 5' end.
    Ignore this warning when trimming primers.

Overview of removed sequences
length	count	expect	max.err	error counts
4	1779	8607.7	0	1779
5	188	2151.9	0	188
6	137	538.0	0	137
9	838	8.4	0	587 251
10	1486	2.1	1	995 491
11	136	0.5	1	0 136
12	944	0.1	1	723 221
13	198	0.0	1	0 198
14	253	0.0	1	138 115
15	132	0.0	1	66 66
16	177	0.0	1	86 91
17	167	0.0	1	78 89
18	238	0.0	1	113 124 1
19	100	0.0	1	0 65 35
20	231	0.0	2	66 101 64
21	178	0.0	2	57 74 47
22	171	0.0	2	50 76 45
23	9	0.0	2	0 3 6
24	589	0.0	2	147 265 177
25	1004	0.0	2	220 455 329
26	1505	0.0	2	331 742 432
27	2002	0.0	2	572 1048 382
28	1184	0.0	2	251 624 308 1
29	112	0.0	2	36 41 34 1
30	69	0.0	3	30 19 16 4
31	31	0.0	3	0 19 9 3
32	96	0.0	3	25 33 24 14
33	156	0.0	3	19 40 64 33
34	333	0.0	3	46 29 132 126
35	148	0.0	3	11 30 67 40
36	102	0.0	3	4 16 39 43
37	149	0.0	3	5 25 55 64
38	213	0.0	3	6 36 87 84
39	24	0.0	3	1 4 7 12
40	469	0.0	3	14 82 173 200
41	48	0.0	3	0 6 16 26
42	383	0.0	3	4 43 144 192
43	297	0.0	3	6 29 92 170
44	66	0.0	3	3 8 15 40
45	48	0.0	3	2 10 13 23
46	49	0.0	3	2 13 13 21
47	6	0.0	3	0 3 1 2
48	181	0.0	3	7 30 66 78
49	123	0.0	3	4 25 33 61
50	487	0.0	3	16 70 169 232
51	9	0.0	3	0 0 3 6
52	515	0.0	3	16 53 188 258
53	4695	0.0	3	38 367 2293 1997
54	86	0.0	3	0 10 28 48
55	4492	0.0	3	103 541 1785 2063
56	60417	0.0	3	321 12031 28945 19120
57	48830	0.0	3	75 2289 1062 45404
58	476	0.0	3	19 54 80 323
59	314	0.0	3	10 67 116 121
60	366	0.0	3	32 91 159 84
61	13	0.0	3	0 7 3 3
62	1947	0.0	3	437 432 738 340
63	886	0.0	3	41 203 304 338
64	1784	0.0	3	79 517 520 668
65	26	0.0	3	0 2 10 14
66	4640	0.0	3	242 1233 1264 1901
67	166474	0.0	3	581 45168 49797 70928
68	40304	0.0	3	1291 2452 3435 33126
69	15271	0.0	3	1380 2967 8169 2755
70	92853	0.0	3	2305 4590 76710 9248
71	101825	0.0	3	2809 41140 7561 50315
72	48489	0.0	3	27869 10524 6968 3128
73	79745	0.0	3	2438 8789 39328 29190
74	80613	0.0	3	2772 12868 53554 11419
75	714793	0.0	3	92362 290543 277948 53940
76	87814	0.0	3	2052 72288 10824 2650
77	2752	0.0	3	1445 689 368 250
78	2749	0.0	3	2291 300 91 67
79	4830	0.0	3	2483 2042 228 77
80	10148	0.0	3	8976 925 170 77
81	747	0.0	3	615 74 30 28
82	835	0.0	3	602 190 33 10
83	2797	0.0	3	774 1795 191 37
84	1360	0.0	3	1183 137 26 14
85	1206	0.0	3	1079 98 19 10
86	1598	0.0	3	1256 287 33 22
87	2254	0.0	3	1717 447 74 16
88	4350	0.0	3	2888 1282 139 41
89	4564	0.0	3	3510 920 104 30
90	4353	0.0	3	3080 1136 121 16
91	5648	0.0	3	4390 1102 120 36
92	4581	0.0	3	3105 1306 143 27
93	5816	0.0	3	4818 876 81 41
94	3725	0.0	3	2600 982 116 27
95	5374	0.0	3	4291 955 95 33
96	4294	0.0	3	3450 736 83 25
97	3631	0.0	3	2789 749 72 21
98	3352	0.0	3	2674 582 67 29
99	3079	0.0	3	2225 754 79 21
100	1172	0.0	3	902 246 21 3
101	1517	0.0	3	1157 319 33 8
102	1170	0.0	3	885 248 29 8
103	846	0.0	3	641 185 18 2
104	615	0.0	3	485 111 16 3
105	762	0.0	3	543 192 19 8
106	845	0.0	3	623 191 27 4
107	879	0.0	3	649 203 18 9
108	806	0.0	3	649 136 18 3
109	707	0.0	3	467 213 21 6
110	990	0.0	3	721 232 29 8
111	1006	0.0	3	720 256 21 9
112	1028	0.0	3	728 258 32 10
113	1438	0.0	3	994 397 32 15
114	1285	0.0	3	934 308 32 11
115	1473	0.0	3	1183 252 33 5
116	1180	0.0	3	884 258 29 9
117	1351	0.0	3	1070 225 42 14
118	1976	0.0	3	1598 321 47 10
119	1522	0.0	3	1048 420 40 14
120	1056	0.0	3	780 239 27 10
121	1792	0.0	3	1002 695 86 9
122	1406	0.0	3	699 623 70 14
123	1525	0.0	3	872 588 57 8
124	1299	0.0	3	867 381 40 11
125	1197	0.0	3	874 289 23 11
126	979	0.0	3	655 285 33 6
127	777	0.0	3	544 202 26 5
128	883	0.0	3	509 326 39 9
129	1287	0.0	3	500 705 69 13
130	1022	0.0	3	599 387 28 8
131	843	0.0	3	480 325 33 5
132	573	0.0	3	374 171 24 4
133	693	0.0	3	446 210 30 7
134	714	0.0	3	427 240 37 10
135	708	0.0	3	340 328 35 5
136	609	0.0	3	319 254 28 8
137	491	0.0	3	292 172 22 5
138	594	0.0	3	347 208 37 2
139	577	0.0	3	306 226 39 6
140	682	0.0	3	406 231 34 11
141	527	0.0	3	357 126 34 10
142	448	0.0	3	268 141 34 5
143	457	0.0	3	281 131 36 9
144	537	0.0	3	323 158 45 11
145	685	0.0	3	449 161 64 11
146	648	0.0	3	489 115 36 8
147	548	0.0	3	403 100 39 6
148	428	0.0	3	234 136 48 10
149	516	0.0	3	314 138 54 10
150	1304	0.0	3	1018 196 71 19
151	722	0.0	3	511 126 72 13
152	579	0.0	3	397 136 36 10
153	497	0.0	3	302 126 56 13
154	572	0.0	3	369 120 72 11
155	521	0.0	3	332 98 79 12
156	475	0.0	3	275 109 80 11
157	457	0.0	3	214 154 82 7
158	512	0.0	3	279 131 92 10
159	512	0.0	3	257 147 89 19
160	499	0.0	3	258 134 99 8
161	543	0.0	3	303 97 127 16
162	463	0.0	3	264 57 127 15
163	865	0.0	3	267 84 464 50
164	346	0.0	3	225 100 17 4
165	364	0.0	3	286 61 13 4
166	320	0.0	3	232 75 10 3
167	418	0.0	3	283 108 23 4
168	284	0.0	3	206 51 21 6
169	358	0.0	3	194 75 78 11
170	380	0.0	3	258 101 18 3
171	359	0.0	3	239 100 16 4
172	380	0.0	3	246 107 20 7
173	329	0.0	3	226 82 16 5
174	345	0.0	3	210 76 49 10
175	319	0.0	3	247 57 12 3
176	279	0.0	3	210 56 13
177	270	0.0	3	185 68 15 2
178	363	0.0	3	246 76 36 5
179	399	0.0	3	262 114 18 5
180	307	0.0	3	222 73 10 2
181	285	0.0	3	213 58 10 4
182	250	0.0	3	198 35 12 5
183	296	0.0	3	238 45 13
184	272	0.0	3	207 58 7
185	292	0.0	3	238 43 9 2
186	310	0.0	3	246 52 8 4
187	300	0.0	3	224 56 15 5
188	273	0.0	3	198 54 16 5
189	269	0.0	3	201 43 22 3
190	358	0.0	3	246 81 27 4
191	341	0.0	3	217 87 33 4
192	302	0.0	3	177 81 32 12
193	391	0.0	3	179 154 49 9
194	354	0.0	3	178 113 54 9
195	348	0.0	3	199 56 84 9
196	276	0.0	3	186 68 20 2
197	330	0.0	3	191 100 34 5
198	376	0.0	3	248 77 46 5
199	480	0.0	3	320 104 48 8
200	452	0.0	3	277 132 34 9
201	520	0.0	3	248 213 51 8
202	549	0.0	3	295 208 40 6
203	430	0.0	3	261 120 40 9
204	380	0.0	3	194 125 56 5
205	676	0.0	3	189 378 91 18
206	956	0.0	3	640 242 61 13
207	568	0.0	3	237 242 71 18
208	372	0.0	3	173 154 39 6
209	542	0.0	3	354 144 34 10
210	309	0.0	3	162 95 41 11
211	347	0.0	3	157 145 33 12
212	365	0.0	3	207 90 61 7
213	393	0.0	3	186 114 78 15
214	824	0.0	3	439 202 155 28
215	878	0.0	3	256 382 216 24
216	366	0.0	3	194 126 34 12
217	409	0.0	3	265 92 43 9
218	397	0.0	3	257 94 40 6
219	452	0.0	3	203 148 79 22
220	514	0.0	3	295 136 71 12
221	464	0.0	3	257 136 67 4
222	643	0.0	3	345 238 47 13
223	457	0.0	3	256 149 39 13
224	556	0.0	3	291 218 37 10
225	330	0.0	3	207 96 16 11
226	589	0.0	3	388 149 23 29
227	801	0.0	3	433 173 40 155
228	626	0.0	3	319 213 67 27
229	870	0.0	3	496 251 102 21
230	1031	0.0	3	532 373 84 42
231	844	0.0	3	508 229 57 50
232	1789	0.0	3	993 637 109 50
233	3696	0.0	3	1761 1475 201 259
234	3334	0.0	3	1394 1488 231 221
235	1253	0.0	3	479 508 75 191
236	1898	0.0	3	276 1303 214 105
237	1238	0.0	3	303 597 161 177
238	1267	0.0	3	328 572 208 159
239	1519	0.0	3	406 557 311 245
240	1981	0.0	3	456 754 628 143
241	1896	0.0	3	295 636 531 434
242	3371	0.0	3	357 598 1833 583
243	2385	0.0	3	182 825 824 554
244	5263	0.0	3	374 1004 2130 1755
245	3770	0.0	3	645 2015 723 387
246	4025	0.0	3	1619 888 617 901
247	4022	0.0	3	829 671 1325 1197
248	6980	0.0	3	1774 1825 2075 1306
249	19591	0.0	3	3045 4897 5978 5671
250	44217	0.0	3	11324 11929 11100 9864
251	111293	0.0	3	35598 28982 23566 23147
252	1624	0.0	3	428 415 415 366
253	92	0.0	3	7 26 21 38
254	35	0.0	3	2 7 11 15
255	45	0.0	3	3 12 11 19
256	32	0.0	3	2 12 14 4
257	9	0.0	3	1 0 6 2
258	15	0.0	3	3 2 7 3
259	5	0.0	3	2 1 2
260	6	0.0	3	1 2 2 1
261	8	0.0	3	1 4 2 1
262	3	0.0	3	2 1
263	1	0.0	3	1
271	1	0.0	3	0 1
274	1	0.0	3	0 1
284	1	0.0	3	1


=== First read: Adapter 2 ===

Sequence: GTGACTGGAGTTCAGACGTGTGCTCTTCCGATCTT; Type: regular 5'; Length: 35; Trimmed: 6 times

Minimum overlap: 3
No. of allowed errors:
1-9 bp: 0; 10-19 bp: 1; 20-29 bp: 2; 30-35 bp: 3

Overview of removed sequences
length	count	expect	max.err	error counts
3	4	34430.7	0	4
4	1	8607.7	0	1
5	1	2151.9	0	1


=== Second read: Adapter 3 ===

Sequence: AGATCGGAAGAGCGTCGTGTAGGGAAAGAGTGT; Type: regular 3'; Length: 33; Trimmed: 2137430 times

Minimum overlap: 3
No. of allowed errors:
1-9 bp: 0; 10-19 bp: 1; 20-29 bp: 2; 30-33 bp: 3

Bases preceding removed adapters:
  A: 0.2%
  C: 97.0%
  G: 0.1%
  T: 0.2%
  none/other: 2.5%
WARNING:
    The adapter is preceded by 'C' extremely often.
    The provided adapter sequence could be incomplete at its 5' end.
    Ignore this warning when trimming primers.

Overview of removed sequences
length	count	expect	max.err	error counts
3	1901	34430.7	0	1901
4	1485	8607.7	0	1485
5	1036	2151.9	0	1036
8	697	33.6	0	697
9	467	8.4	0	467
10	35	2.1	1	0 35
11	2253	0.5	1	1782 471
12	16	0.1	1	0 16
13	337	0.0	1	217 120
14	10	0.0	1	0 10
15	183	0.0	1	101 82
16	255	0.0	1	125 130
17	9	0.0	1	0 9
18	206	0.0	1	104 102
19	21	0.0	1	0 13 8
20	666	0.0	2	218 293 155
21	877	0.0	2	269 421 187
22	4	0.0	2	0 1 3
23	2	0.0	2	0 2
24	6	0.0	2	0 1 5
25	117	0.0	2	39 55 23
26	473	0.0	2	129 188 156
27	441	0.0	2	104 208 129
28	22	0.0	2	0 12 10
29	153	0.0	2	63 54 35 1
30	6	0.0	3	0 2 4
31	206	0.0	3	76 67 32 31
32	10	0.0	3	0 3 5 2
33	890	0.0	3	350 288 160 92
34	617	0.0	3	209 183 128 97
35	351	0.0	3	101 99 89 62
36	72	0.0	3	12 25 19 16
37	632	0.0	3	172 155 165 140
38	1631	0.0	3	515 459 360 297
39	119	0.0	3	20 31 31 37
40	372	0.0	3	156 87 67 62
41	2020	0.0	3	638 542 475 365
42	387	0.0	3	128 102 80 77
43	3685	0.0	3	1065 1131 799 690
44	8356	0.0	3	2362 3028 1684 1282
45	219	0.0	3	19 77 83 40
46	6336	0.0	3	1578 2703 1225 830
47	6151	0.0	3	2459 869 1353 1470
48	7408	0.0	3	3091 1026 1737 1554
49	3009	0.0	3	884 575 1157 393
50	4758	0.0	3	2653 1324 538 243
51	81	0.0	3	13 29 21 18
52	121	0.0	3	50 38 19 14
53	7564	0.0	3	4442 2107 698 317
54	167	0.0	3	43 63 40 21
55	138	0.0	3	53 46 23 16
56	8324	0.0	3	4545 2343 926 510
57	15480	0.0	3	7818 4787 1776 1099
58	317	0.0	3	58 128 71 60
59	35873	0.0	3	15576 8033 6740 5524
60	2505	0.0	3	1062 827 419 197
61	18	0.0	3	6 6 5 1
62	1203	0.0	3	732 318 109 44
63	1605	0.0	3	966 477 112 50
64	1789	0.0	3	969 616 167 37
65	4102	0.0	3	2343 1438 257 64
66	9739	0.0	3	4581 4450 574 134
67	103285	0.0	3	46735 52652 3352 546
68	13374	0.0	3	7298 3557 1780 739
69	17115	0.0	3	10327 3471 2333 984
70	426857	0.0	3	253801 70060 55144 47852
71	266078	0.0	3	126831 89363 46427 3457
72	12223	0.0	3	6421 4443 971 388
73	78355	0.0	3	35635 40234 2169 317
74	7808	0.0	3	5691 1647 353 117
75	40862	0.0	3	36813 3336 527 186
76	61724	0.0	3	54196 6120 1044 364
77	63990	0.0	3	56579 5734 1233 444
78	675309	0.0	3	583667 78931 9908 2803
79	45769	0.0	3	39678 4810 896 385
80	2474	0.0	3	410 1740 243 81
81	3160	0.0	3	63 2743 292 62
82	4918	0.0	3	25 4337 448 108
83	13346	0.0	3	10 11921 1152 263
84	172	0.0	3	4 56 57 55
85	12	0.0	3	2 6 3 1
86	353	0.0	3	2 311 32 8
87	682	0.0	3	0 612 55 15
88	1387	0.0	3	0 1279 93 15
89	887	0.0	3	0 799 64 24
90	621	0.0	3	0 555 56 10
91	709	0.0	3	0 638 60 11
92	503	0.0	3	0 455 37 11
93	296	0.0	3	0 256 28 12
94	195	0.0	3	0 174 18 3
95	307	0.0	3	0 277 25 5
96	129	0.0	3	0 101 23 5
97	408	0.0	3	0 376 28 4
98	125	0.0	3	0 107 13 5
99	138	0.0	3	0 119 18 1
100	135	0.0	3	0 122 10 3
101	48	0.0	3	0 39 5 4
102	71	0.0	3	0 57 12 2
103	58	0.0	3	0 49 5 4
104	76	0.0	3	0 63 12 1
105	89	0.0	3	0 74 14 1
106	95	0.0	3	0 86 7 2
107	55	0.0	3	0 49 5 1
108	77	0.0	3	1 59 15 2
109	87	0.0	3	0 76 11
110	77	0.0	3	1 63 11 2
111	97	0.0	3	3 78 12 4
112	55	0.0	3	4 37 10 4
113	100	0.0	3	4 85 7 4
114	150	0.0	3	7 122 14 7
115	84	0.0	3	10 62 8 4
116	104	0.0	3	0 92 8 4
117	75	0.0	3	0 65 7 3
118	111	0.0	3	0 98 11 2
119	85	0.0	3	0 68 11 6
120	78	0.0	3	0 61 14 3
121	81	0.0	3	0 70 10 1
122	136	0.0	3	1 117 16 2
123	86	0.0	3	2 66 15 3
124	147	0.0	3	3 124 12 8
125	89	0.0	3	9 72 6 2
126	65	0.0	3	1 48 14 2
127	101	0.0	3	0 83 10 8
128	65	0.0	3	13 39 11 2
129	79	0.0	3	13 48 13 5
130	62	0.0	3	3 46 9 4
131	81	0.0	3	5 63 8 5
132	76	0.0	3	5 55 11 5
133	66	0.0	3	3 47 8 8
134	49	0.0	3	0 40 6 3
135	111	0.0	3	3 90 12 6
136	74	0.0	3	11 53 8 2
137	67	0.0	3	4 40 18 5
138	67	0.0	3	4 47 10 6
139	55	0.0	3	2 41 10 2
140	49	0.0	3	2 30 15 2
141	51	0.0	3	1 39 9 2
142	76	0.0	3	10 50 14 2
143	43	0.0	3	7 23 11 2
144	78	0.0	3	21 49 6 2
145	109	0.0	3	60 36 6 7
146	98	0.0	3	20 66 11 1
147	68	0.0	3	10 44 8 6
148	86	0.0	3	53 26 4 3
149	68	0.0	3	21 39 6 2
150	69	0.0	3	17 40 8 4
151	165	0.0	3	97 52 11 5
152	141	0.0	3	68 57 11 5
153	363	0.0	3	247 78 30 8
154	919	0.0	3	737 140 34 8
155	149	0.0	3	40 73 26 10
156	85	0.0	3	25 43 14 3
157	120	0.0	3	34 61 14 11
158	129	0.0	3	48 66 10 5
159	123	0.0	3	35 71 12 5
160	85	0.0	3	27 39 15 4
161	98	0.0	3	38 40 10 10
162	115	0.0	3	38 59 13 5
163	107	0.0	3	37 57 10 3
164	123	0.0	3	29 66 22 6
165	146	0.0	3	69 61 15 1
166	164	0.0	3	54 84 18 8
167	104	0.0	3	26 58 14 6
168	136	0.0	3	20 86 17 13
169	130	0.0	3	26 74 25 5
170	153	0.0	3	28 88 21 16
171	126	0.0	3	14 80 23 9
172	228	0.0	3	50 123 37 18
173	287	0.0	3	61 138 68 20
174	289	0.0	3	32 159 58 40
175	164	0.0	3	59 69 23 13
176	243	0.0	3	126 82 26 9
177	129	0.0	3	70 40 17 2
178	76	0.0	3	18 46 7 5
179	85	0.0	3	10 49 17 9
180	98	0.0	3	19 55 19 5
181	121	0.0	3	26 67 15 13
182	105	0.0	3	41 43 14 7
183	82	0.0	3	30 36 13 3
184	141	0.0	3	52 60 19 10
185	298	0.0	3	203 66 20 9
186	123	0.0	3	13 61 35 14
187	98	0.0	3	51 30 12 5
188	125	0.0	3	55 49 15 6
189	174	0.0	3	113 40 15 6
190	175	0.0	3	115 40 14 6
191	98	0.0	3	57 26 9 6
192	45	0.0	3	14 21 8 2
193	57	0.0	3	7 38 8 4
194	76	0.0	3	5 61 6 4
195	72	0.0	3	17 33 14 8
196	68	0.0	3	11 41 12 4
197	35	0.0	3	12 17 4 2
198	54	0.0	3	16 29 4 5
199	36	0.0	3	7 19 5 5
200	27	0.0	3	10 11 3 3
201	23	0.0	3	9 13 1
202	23	0.0	3	9 9 4 1
203	24	0.0	3	5 16 2 1
204	42	0.0	3	14 17 9 2
205	85	0.0	3	58 15 8 4
206	51	0.0	3	42 5 2 2
207	70	0.0	3	60 8 2
208	36	0.0	3	22 7 6 1
209	46	0.0	3	26 18 1 1
210	32	0.0	3	19 6 7
211	24	0.0	3	17 7
212	21	0.0	3	19 1 0 1
213	17	0.0	3	12 4 1
214	24	0.0	3	11 12 1
215	42	0.0	3	21 16 3 2
216	29	0.0	3	16 9 3 1
217	47	0.0	3	39 5 2 1
218	18	0.0	3	14 3 1
219	25	0.0	3	17 5 2 1
220	38	0.0	3	28 6 2 2
221	50	0.0	3	43 6 1
222	275	0.0	3	236 29 9 1
223	109	0.0	3	88 19 2
224	536	0.0	3	499 31 3 3
225	107	0.0	3	70 29 5 3
226	96	0.0	3	62 29 1 4
227	73	0.0	3	64 5 1 3
228	54	0.0	3	42 8 2 2
229	293	0.0	3	252 33 5 3
230	353	0.0	3	297 39 12 5
231	634	0.0	3	566 54 9 5
232	127	0.0	3	95 19 8 5
233	459	0.0	3	404 43 8 4
234	111	0.0	3	80 20 4 7
235	223	0.0	3	192 24 4 3
236	336	0.0	3	296 36 2 2
237	231	0.0	3	161 57 9 4
238	241	0.0	3	103 106 25 7
239	382	0.0	3	307 58 14 3
240	1025	0.0	3	846 146 28 5
241	313	0.0	3	221 63 22 7
242	521	0.0	3	370 122 22 7
243	1492	0.0	3	840 534 101 17
244	1339	0.0	3	1005 232 84 18
245	2663	0.0	3	1868 631 132 32
246	3041	0.0	3	2095 700 211 35
247	3885	0.0	3	2642 947 245 51
248	12875	0.0	3	8109 3625 965 176
249	17372	0.0	3	11957 4069 1101 245
250	82858	0.0	3	55824 21428 4753 853
251	1374	0.0	3	736 380 173 85
252	122	0.0	3	47 28 28 19
253	43	0.0	3	14 12 10 7
254	43	0.0	3	22 12 5 4
255	52	0.0	3	25 11 7 9
256	21	0.0	3	11 4 3 3
257	11	0.0	3	7 2 2
258	5	0.0	3	2 0 3
259	8	0.0	3	5 2 1
260	3	0.0	3	0 0 2 1
261	1	0.0	3	1
263	3	0.0	3	2 1


WARNING:
    One or more of your adapter sequences may be incomplete.
    Please see the detailed output above.
