This is cutadapt 5.2 with Python 3.11.0
Command line parameters: -O 3 -U 1 -m 15 --nextseq-trim=20 -j 24 --trim-n -q 20 -a AAGATCGGAAGAGCACACGTCTGAACTCCAGTCAC -g GTGACTGGAGTTCAGACGTGTGCTCTTCCGATCTT -A AGATCGGAAGAGCGTCGTGTAGGGAAAGAGTGT -o Trim/DK6_3.1.fq.gz -p Trim/DK6_3.2.fq.gz /stor/work/Lambowitz/Data/NGS//JA26026/DK6_3.1.fq.gz /stor/work/Lambowitz/Data/NGS//JA26026/DK6_3.2.fq.gz
Processing paired-end reads on 24 cores ...

=== Summary ===

Total read pairs processed:          2,429,160
  Read 1 with adapter:               2,061,800 (84.9%)
  Read 2 with adapter:               2,289,560 (94.3%)

== Read fate breakdown ==
Pairs that were too short:              13,054 (0.5%)
Pairs written (passing filters):     2,416,106 (99.5%)

Total basepairs processed: 1,457,496,000 bp
  Read 1:   728,748,000 bp
  Read 2:   728,748,000 bp
Quality-trimmed:             802,543,934 bp (55.1%)
  Read 1:   386,964,030 bp
  Read 2:   415,579,904 bp
Total written (filtered):    266,846,998 bp (18.3%)
  Read 1:   143,978,554 bp
  Read 2:   122,868,444 bp

=== First read: Adapter 1 ===

Sequence: AAGATCGGAAGAGCACACGTCTGAACTCCAGTCAC; Type: regular 3'; Length: 35; Trimmed: 2061773 times

Minimum overlap: 3
No. of allowed errors:
1-9 bp: 0; 10-19 bp: 1; 20-29 bp: 2; 30-35 bp: 3

Bases preceding removed adapters:
  A: 97.1%
  C: 0.8%
  G: 0.3%
  T: 0.1%
  none/other: 1.7%
WARNING:
    The adapter is preceded by 'A' extremely often.
    The provided adapter sequence could be incomplete at its 5' end.
    Ignore this warning when trimming primers.

Overview of removed sequences
length	count	expect	max.err	error counts
4	3514	9488.9	0	3514
5	365	2372.2	0	365
6	259	593.1	0	259
9	1160	9.3	0	743 417
10	2617	2.3	1	1637 980
11	189	0.6	1	0 189
12	1788	0.1	1	1295 493
13	230	0.0	1	0 230
14	628	0.0	1	332 296
15	250	0.0	1	121 129
16	302	0.0	1	147 155
17	255	0.0	1	108 147
18	466	0.0	1	208 258
19	81	0.0	1	0 52 29
20	432	0.0	2	116 186 130
21	365	0.0	2	90 150 125
22	340	0.0	2	74 130 136
23	14	0.0	2	0 2 12
24	888	0.0	2	199 395 294
25	1475	0.0	2	283 677 515
26	2708	0.0	2	561 1277 870
27	2330	0.0	2	620 1141 569
28	1533	0.0	2	327 749 456 1
29	307	0.0	2	57 104 141 5
30	141	0.0	3	34 35 33 39
31	25	0.0	3	0 15 7 3
32	172	0.0	3	32 50 48 42
33	202	0.0	3	42 46 70 44
34	390	0.0	3	69 49 124 148
35	194	0.0	3	21 25 85 63
36	190	0.0	3	8 26 79 77
37	217	0.0	3	5 41 73 98
38	541	0.0	3	17 81 197 246
39	21	0.0	3	0 4 11 6
40	24	0.0	3	1 7 7 9
41	298	0.0	3	14 37 101 146
42	669	0.0	3	15 73 246 335
43	306	0.0	3	7 33 103 163
44	93	0.0	3	4 19 30 40
45	74	0.0	3	2 15 22 35
46	101	0.0	3	3 27 23 48
47	11	0.0	3	0 2 3 6
48	227	0.0	3	7 37 65 118
49	236	0.0	3	8 35 89 104
50	721	0.0	3	19 112 263 327
51	19	0.0	3	0 1 8 10
52	939	0.0	3	14 101 349 475
53	7010	0.0	3	57 597 3334 3022
54	117	0.0	3	0 15 29 73
55	11507	0.0	3	138 1580 4739 5050
56	64385	0.0	3	329 12289 29647 22120
57	46036	0.0	3	114 2904 2559 40459
58	3192	0.0	3	166 172 513 2341
59	735	0.0	3	32 98 258 347
60	1156	0.0	3	108 169 322 557
61	25	0.0	3	0 4 6 15
62	2407	0.0	3	415 489 932 571
63	1527	0.0	3	68 363 494 602
64	3511	0.0	3	196 849 1049 1417
65	80	0.0	3	1 12 28 39
66	12321	0.0	3	245 3349 3475 5252
67	148737	0.0	3	661 40052 43893 64131
68	49342	0.0	3	3647 3544 7476 34675
69	23818	0.0	3	1793 3365 13414 5246
70	91312	0.0	3	2472 6744 68913 13183
71	100707	0.0	3	4176 36888 12655 46988
72	56868	0.0	3	23823 13854 11080 8111
73	81498	0.0	3	4312 10476 39038 27672
74	122017	0.0	3	7690 28504 65899 19924
75	664609	0.0	3	82879 267146 254985 59599
76	117364	0.0	3	5315 75457 26237 10355
77	10467	0.0	3	1584 3878 2975 2030
78	4270	0.0	3	2335 796 536 603
79	5949	0.0	3	2817 2253 522 357
80	9777	0.0	3	7822 1254 377 324
81	1877	0.0	3	1202 339 176 160
82	1345	0.0	3	745 391 142 67
83	2879	0.0	3	859 1690 251 79
84	1733	0.0	3	1246 321 99 67
85	1523	0.0	3	1217 215 50 41
86	1848	0.0	3	1381 341 86 40
87	2558	0.0	3	1836 561 103 58
88	4618	0.0	3	3029 1305 203 81
89	4845	0.0	3	3539 1070 160 76
90	4783	0.0	3	3313 1178 199 93
91	5658	0.0	3	4246 1160 172 80
92	4936	0.0	3	3345 1285 233 73
93	5985	0.0	3	4669 1075 163 78
94	4247	0.0	3	2885 1120 179 63
95	5317	0.0	3	4078 1012 163 64
96	4517	0.0	3	3476 868 110 63
97	3659	0.0	3	2698 777 140 44
98	3458	0.0	3	2609 693 109 47
99	2939	0.0	3	2056 737 110 36
100	1336	0.0	3	893 327 73 43
101	1562	0.0	3	1102 364 71 25
102	1178	0.0	3	823 289 47 19
103	929	0.0	3	664 218 28 19
104	675	0.0	3	471 142 41 21
105	780	0.0	3	512 207 47 14
106	871	0.0	3	591 233 32 15
107	848	0.0	3	613 201 21 13
108	809	0.0	3	608 156 30 15
109	777	0.0	3	494 228 46 9
110	966	0.0	3	656 260 35 15
111	1071	0.0	3	731 272 49 19
112	1037	0.0	3	696 274 48 19
113	1381	0.0	3	889 416 54 22
114	1345	0.0	3	934 336 57 18
115	1354	0.0	3	1043 247 47 17
116	1280	0.0	3	915 292 56 17
117	1446	0.0	3	1070 309 46 21
118	1946	0.0	3	1505 362 56 23
119	1472	0.0	3	970 417 70 15
120	1202	0.0	3	816 317 50 19
121	1675	0.0	3	947 623 78 27
122	1531	0.0	3	800 612 95 24
123	1535	0.0	3	788 617 100 30
124	1332	0.0	3	856 385 62 29
125	1244	0.0	3	811 359 53 21
126	1029	0.0	3	664 300 45 20
127	838	0.0	3	528 246 45 19
128	919	0.0	3	509 332 58 20
129	1248	0.0	3	488 658 77 25
130	1006	0.0	3	543 380 63 20
131	835	0.0	3	457 303 51 24
132	598	0.0	3	343 201 37 17
133	691	0.0	3	397 248 37 9
134	714	0.0	3	418 244 40 12
135	755	0.0	3	361 328 53 13
136	612	0.0	3	317 237 47 11
137	479	0.0	3	254 179 32 14
138	595	0.0	3	297 238 44 16
139	591	0.0	3	290 242 46 13
140	608	0.0	3	332 225 43 8
141	496	0.0	3	308 133 38 17
142	426	0.0	3	262 117 39 8
143	448	0.0	3	266 128 41 13
144	567	0.0	3	339 147 69 12
145	661	0.0	3	393 177 68 23
146	605	0.0	3	413 127 49 16
147	522	0.0	3	349 115 44 14
148	436	0.0	3	266 106 50 14
149	527	0.0	3	298 161 55 13
150	1217	0.0	3	902 220 71 24
151	793	0.0	3	516 163 89 25
152	618	0.0	3	373 153 64 28
153	542	0.0	3	322 135 71 14
154	549	0.0	3	314 138 69 28
155	515	0.0	3	298 107 87 23
156	517	0.0	3	286 118 89 24
157	517	0.0	3	245 151 91 30
158	500	0.0	3	261 130 79 30
159	508	0.0	3	254 139 100 15
160	548	0.0	3	288 147 91 22
161	514	0.0	3	270 86 132 26
162	520	0.0	3	222 82 177 39
163	886	0.0	3	270 107 441 68
164	411	0.0	3	224 90 62 35
165	327	0.0	3	230 73 14 10
166	377	0.0	3	269 86 16 6
167	440	0.0	3	296 116 18 10
168	321	0.0	3	217 60 32 12
169	323	0.0	3	170 65 75 13
170	383	0.0	3	243 104 24 12
171	373	0.0	3	226 108 28 11
172	342	0.0	3	224 89 22 7
173	311	0.0	3	209 75 22 5
174	305	0.0	3	188 68 39 10
175	323	0.0	3	232 67 16 8
176	283	0.0	3	202 65 12 4
177	279	0.0	3	204 51 17 7
178	354	0.0	3	225 84 39 6
179	360	0.0	3	247 83 21 9
180	301	0.0	3	215 71 9 6
181	300	0.0	3	219 57 15 9
182	283	0.0	3	208 55 14 6
183	287	0.0	3	198 58 21 10
184	257	0.0	3	180 58 12 7
185	302	0.0	3	227 49 18 8
186	282	0.0	3	197 66 15 4
187	265	0.0	3	174 67 20 4
188	331	0.0	3	225 76 23 7
189	293	0.0	3	188 75 24 6
190	315	0.0	3	208 71 28 8
191	305	0.0	3	179 79 36 11
192	325	0.0	3	181 87 52 5
193	438	0.0	3	176 180 64 18
194	393	0.0	3	195 107 76 15
195	342	0.0	3	199 62 72 9
196	313	0.0	3	169 96 36 12
197	352	0.0	3	213 93 42 4
198	359	0.0	3	226 81 41 11
199	508	0.0	3	295 135 66 12
200	453	0.0	3	256 137 50 10
201	544	0.0	3	230 247 53 14
202	525	0.0	3	275 191 46 13
203	420	0.0	3	232 118 58 12
204	455	0.0	3	221 147 73 14
205	704	0.0	3	207 382 87 28
206	919	0.0	3	603 235 58 23
207	552	0.0	3	240 217 69 26
208	425	0.0	3	202 166 38 19
209	567	0.0	3	318 172 58 19
210	349	0.0	3	159 133 41 16
211	358	0.0	3	157 138 46 17
212	379	0.0	3	199 82 83 15
213	448	0.0	3	243 119 72 14
214	766	0.0	3	389 214 133 30
215	835	0.0	3	262 327 207 39
216	413	0.0	3	195 154 40 24
217	397	0.0	3	247 85 53 12
218	397	0.0	3	236 81 60 20
219	422	0.0	3	182 136 83 21
220	544	0.0	3	273 164 82 25
221	469	0.0	3	255 137 62 15
222	660	0.0	3	325 261 59 15
223	498	0.0	3	254 158 55 31
224	589	0.0	3	264 247 60 18
225	426	0.0	3	240 126 33 27
226	638	0.0	3	384 165 44 45
227	793	0.0	3	399 197 47 150
228	716	0.0	3	336 239 95 46
229	931	0.0	3	493 310 92 36
230	1044	0.0	3	514 381 104 45
231	967	0.0	3	516 268 107 76
232	1923	0.0	3	1012 712 129 70
233	3462	0.0	3	1547 1397 269 249
234	3451	0.0	3	1370 1559 269 253
235	1487	0.0	3	485 631 171 200
236	1931	0.0	3	301 1218 265 147
237	1407	0.0	3	286 678 238 205
238	1410	0.0	3	343 616 266 185
239	1659	0.0	3	359 638 396 266
240	2064	0.0	3	417 823 613 211
241	2078	0.0	3	311 636 669 462
242	3290	0.0	3	338 569 1736 647
243	2718	0.0	3	191 836 979 712
244	5080	0.0	3	382 1072 1977 1649
245	4140	0.0	3	702 1894 933 611
246	4133	0.0	3	1390 1001 738 1004
247	4252	0.0	3	781 800 1332 1339
248	7798	0.0	3	1704 2080 2264 1750
249	20537	0.0	3	3346 5124 6166 5901
250	48036	0.0	3	11934 12646 12235 11221
251	102889	0.0	3	31101 27174 22416 22198
252	9676	0.0	3	2613 2315 2548 2200
253	1359	0.0	3	107 387 415 450
254	392	0.0	3	50 103 124 115
255	416	0.0	3	48 94 136 138
256	359	0.0	3	38 83 132 106
257	177	0.0	3	24 51 50 52
258	119	0.0	3	26 27 38 28
259	104	0.0	3	20 30 24 30
260	131	0.0	3	32 30 39 30
261	52	0.0	3	11 16 15 10
262	46	0.0	3	10 7 13 16
263	36	0.0	3	4 7 15 10
264	39	0.0	3	7 6 11 15
265	60	0.0	3	13 12 20 15
266	23	0.0	3	4 10 7 2
267	9	0.0	3	1 3 2 3
268	3	0.0	3	0 0 2 1
269	3	0.0	3	0 1 2
270	7	0.0	3	1 2 1 3
271	2	0.0	3	1 0 1
272	3	0.0	3	1 1 1
273	4	0.0	3	1 1 0 2
274	8	0.0	3	1 0 5 2
275	6	0.0	3	3 0 1 2
276	8	0.0	3	2 2 4
277	10	0.0	3	1 0 5 4
281	1	0.0	3	1
282	1	0.0	3	0 0 1


=== First read: Adapter 2 ===

Sequence: GTGACTGGAGTTCAGACGTGTGCTCTTCCGATCTT; Type: regular 5'; Length: 35; Trimmed: 27 times

Minimum overlap: 3
No. of allowed errors:
1-9 bp: 0; 10-19 bp: 1; 20-29 bp: 2; 30-35 bp: 3

Overview of removed sequences
length	count	expect	max.err	error counts
3	23	37955.6	0	23
4	3	9488.9	0	3
6	1	593.1	0	1


=== Second read: Adapter 3 ===

Sequence: AGATCGGAAGAGCGTCGTGTAGGGAAAGAGTGT; Type: regular 3'; Length: 33; Trimmed: 2289560 times

Minimum overlap: 3
No. of allowed errors:
1-9 bp: 0; 10-19 bp: 1; 20-29 bp: 2; 30-33 bp: 3

Bases preceding removed adapters:
  A: 1.1%
  C: 95.2%
  G: 1.3%
  T: 0.4%
  none/other: 2.0%
WARNING:
    The adapter is preceded by 'C' extremely often.
    The provided adapter sequence could be incomplete at its 5' end.
    Ignore this warning when trimming primers.

Overview of removed sequences
length	count	expect	max.err	error counts
3	4141	37955.6	0	4141
4	3896	9488.9	0	3896
5	2066	2372.2	0	2066
8	1573	37.1	0	1573
9	1117	9.3	0	1117
10	215	2.3	1	0 215
11	2476	0.6	1	1861 615
12	143	0.1	1	0 143
13	888	0.0	1	537 351
14	49	0.0	1	0 49
15	479	0.0	1	222 257
16	590	0.0	1	305 285
17	54	0.0	1	0 54
18	553	0.0	1	268 282 3
19	122	0.0	1	0 58 64
20	1747	0.0	2	561 684 502
21	2092	0.0	2	653 880 559
22	17	0.0	2	0 6 11
23	11	0.0	2	0 3 8
24	27	0.0	2	0 9 18
25	281	0.0	2	72 104 105
26	1841	0.0	2	419 708 714
27	2316	0.0	2	408 1038 870
28	130	0.0	2	0 57 73
29	763	0.0	2	215 290 257 1
30	99	0.0	3	0 36 38 25
31	980	0.0	3	282 315 234 149
32	119	0.0	3	0 38 45 36
33	2013	0.0	3	639 633 451 290
34	4333	0.0	3	1381 1312 973 667
35	242	0.0	3	56 73 62 51
36	247	0.0	3	63 64 72 48
37	1926	0.0	3	496 559 500 371
38	2324	0.0	3	518 700 638 468
39	2995	0.0	3	821 882 739 553
40	753	0.0	3	46 220 284 203
41	7946	0.0	3	2282 2503 1881 1280
42	1195	0.0	3	101 377 394 323
43	13181	0.0	3	3839 4179 3057 2106
44	24319	0.0	3	7898 8429 4820 3172
45	956	0.0	3	56 305 360 235
46	18312	0.0	3	5593 7486 3307 1926
47	18818	0.0	3	7939 3314 3989 3576
48	17533	0.0	3	7683 2711 4020 3119
49	8487	0.0	3	2849 1795 2870 973
50	14475	0.0	3	7815 3907 1778 975
51	258	0.0	3	60 93 66 39
52	470	0.0	3	93 198 122 57
53	18868	0.0	3	11150 5158 1731 829
54	455	0.0	3	159 172 87 37
55	565	0.0	3	113 204 161 87
56	18813	0.0	3	10306 5347 2082 1078
57	36814	0.0	3	18541 10795 4576 2902
58	1008	0.0	3	157 391 281 179
59	55526	0.0	3	25838 11870 9945 7873
60	13044	0.0	3	5127 4554 2377 986
61	136	0.0	3	16 53 45 22
62	2707	0.0	3	1409 836 327 135
63	3149	0.0	3	1789 939 288 133
64	3239	0.0	3	1798 1052 284 105
65	7971	0.0	3	4269 2895 607 200
66	18363	0.0	3	8600 8199 1265 299
67	77859	0.0	3	35562 37076 4468 753
68	28877	0.0	3	13330 10193 3714 1640
69	29218	0.0	3	14825 7734 4457 2202
70	340933	0.0	3	198453 64244 43208 35028
71	238951	0.0	3	110335 81919 42121 4576
72	37352	0.0	3	16060 14280 4745 2267
73	69727	0.0	3	30600 34100 4034 993
74	17003	0.0	3	9728 5438 1343 494
75	39241	0.0	3	31190 6196 1346 509
76	59166	0.0	3	46622 9640 2157 747
77	103432	0.0	3	72990 22115 6130 2197
78	611106	0.0	3	505698 89088 12734 3586
79	87620	0.0	3	68266 14491 3454 1409
80	8865	0.0	3	4673 2984 826 382
81	4173	0.0	3	779 2632 564 198
82	5837	0.0	3	275 4442 821 299
83	13175	0.0	3	185 11144 1408 438
84	1083	0.0	3	84 373 347 279
85	224	0.0	3	33 76 52 63
86	536	0.0	3	14 411 81 30
87	1013	0.0	3	15 815 139 44
88	1740	0.0	3	12 1491 183 54
89	1143	0.0	3	1 939 150 53
90	834	0.0	3	1 671 119 43
91	875	0.0	3	3 717 118 37
92	561	0.0	3	0 455 84 22
93	318	0.0	3	1 249 52 16
94	269	0.0	3	0 216 44 9
95	355	0.0	3	0 309 32 14
96	167	0.0	3	0 122 27 18
97	477	0.0	3	0 416 43 18
98	199	0.0	3	0 151 35 13
99	158	0.0	3	1 130 18 9
100	148	0.0	3	1 116 25 6
101	78	0.0	3	0 57 13 8
102	67	0.0	3	0 51 10 6
103	72	0.0	3	0 50 18 4
104	92	0.0	3	0 75 14 3
105	84	0.0	3	1 66 13 4
106	71	0.0	3	0 62 8 1
107	69	0.0	3	0 47 13 9
108	67	0.0	3	1 49 14 3
109	89	0.0	3	0 73 15 1
110	115	0.0	3	1 91 22 1
111	88	0.0	3	2 68 14 4
112	48	0.0	3	3 25 11 9
113	121	0.0	3	9 85 21 6
114	174	0.0	3	6 138 24 6
115	97	0.0	3	9 65 16 7
116	83	0.0	3	1 66 14 2
117	104	0.0	3	0 86 14 4
118	120	0.0	3	0 89 28 3
119	74	0.0	3	0 52 12 10
120	88	0.0	3	0 60 23 5
121	77	0.0	3	0 60 15 2
122	129	0.0	3	1 97 23 8
123	90	0.0	3	1 65 17 7
124	154	0.0	3	1 120 25 8
125	88	0.0	3	3 65 12 8
126	58	0.0	3	1 42 10 5
127	81	0.0	3	5 57 11 8
128	48	0.0	3	5 30 8 5
129	76	0.0	3	8 45 14 9
130	77	0.0	3	6 55 11 5
131	68	0.0	3	6 42 16 4
132	78	0.0	3	9 47 18 4
133	59	0.0	3	0 38 13 8
134	44	0.0	3	1 32 7 4
135	98	0.0	3	2 74 18 4
136	73	0.0	3	10 42 15 6
137	77	0.0	3	4 51 15 7
138	65	0.0	3	4 47 9 5
139	64	0.0	3	5 43 10 6
140	47	0.0	3	2 28 13 4
141	44	0.0	3	0 30 8 6
142	53	0.0	3	6 36 8 3
143	59	0.0	3	8 38 9 4
144	83	0.0	3	15 55 7 6
145	95	0.0	3	44 37 7 7
146	109	0.0	3	22 69 12 6
147	68	0.0	3	5 41 18 4
148	82	0.0	3	41 28 10 3
149	77	0.0	3	19 42 14 2
150	60	0.0	3	14 37 6 3
151	139	0.0	3	80 41 14 4
152	168	0.0	3	80 58 21 9
153	389	0.0	3	217 121 35 16
154	806	0.0	3	627 123 38 18
155	176	0.0	3	57 76 30 13
156	119	0.0	3	36 51 23 9
157	118	0.0	3	41 59 13 5
158	129	0.0	3	44 57 17 11
159	130	0.0	3	27 72 26 5
160	119	0.0	3	32 52 24 11
161	114	0.0	3	36 53 19 6
162	112	0.0	3	31 60 12 9
163	111	0.0	3	31 56 16 8
164	136	0.0	3	51 61 18 6
165	147	0.0	3	47 65 20 15
166	185	0.0	3	81 67 31 6
167	109	0.0	3	31 56 13 9
168	150	0.0	3	25 81 28 16
169	132	0.0	3	23 56 41 12
170	148	0.0	3	26 70 37 15
171	161	0.0	3	25 80 39 17
172	205	0.0	3	47 95 42 21
173	278	0.0	3	64 128 57 29
174	298	0.0	3	40 149 70 39
175	207	0.0	3	73 81 35 18
176	259	0.0	3	118 95 36 10
177	161	0.0	3	69 56 21 15
178	90	0.0	3	19 38 21 12
179	108	0.0	3	15 57 23 13
180	107	0.0	3	20 59 15 13
181	94	0.0	3	21 53 13 7
182	108	0.0	3	39 42 19 8
183	95	0.0	3	22 48 15 10
184	127	0.0	3	50 49 20 8
185	281	0.0	3	158 76 30 17
186	133	0.0	3	23 59 32 19
187	106	0.0	3	47 35 16 8
188	124	0.0	3	62 33 22 7
189	192	0.0	3	109 54 18 11
190	199	0.0	3	131 42 17 9
191	89	0.0	3	45 28 11 5
192	57	0.0	3	13 25 14 5
193	65	0.0	3	14 27 14 10
194	59	0.0	3	1 39 14 5
195	75	0.0	3	5 50 14 6
196	69	0.0	3	17 39 10 3
197	39	0.0	3	7 19 10 3
198	52	0.0	3	11 30 10 1
199	35	0.0	3	9 17 6 3
200	22	0.0	3	8 8 4 2
201	30	0.0	3	9 11 7 3
202	29	0.0	3	11 10 6 2
203	38	0.0	3	11 14 10 3
204	43	0.0	3	25 9 4 5
205	99	0.0	3	62 24 8 5
206	64	0.0	3	48 7 6 3
207	97	0.0	3	75 12 8 2
208	33	0.0	3	18 9 4 2
209	43	0.0	3	24 11 3 5
210	24	0.0	3	13 7 2 2
211	41	0.0	3	28 10 1 2
212	36	0.0	3	28 4 4
213	30	0.0	3	21 7 1 1
214	23	0.0	3	11 10 1 1
215	44	0.0	3	25 17 1 1
216	34	0.0	3	26 7 1
217	49	0.0	3	36 10 3
218	38	0.0	3	24 7 6 1
219	31	0.0	3	17 8 4 2
220	33	0.0	3	26 4 1 2
221	60	0.0	3	34 20 5 1
222	301	0.0	3	256 39 3 3
223	151	0.0	3	117 28 3 3
224	471	0.0	3	404 50 12 5
225	157	0.0	3	99 38 14 6
226	98	0.0	3	59 25 11 3
227	89	0.0	3	67 15 4 3
228	95	0.0	3	69 18 8
229	259	0.0	3	203 42 8 6
230	362	0.0	3	284 49 23 6
231	602	0.0	3	508 69 20 5
232	211	0.0	3	142 42 18 9
233	467	0.0	3	380 63 16 8
234	157	0.0	3	96 30 20 11
235	228	0.0	3	187 27 9 5
236	342	0.0	3	256 61 17 8
237	267	0.0	3	179 67 15 6
238	254	0.0	3	111 116 17 10
239	442	0.0	3	314 83 29 16
240	976	0.0	3	780 143 39 14
241	422	0.0	3	266 103 35 18
242	625	0.0	3	356 173 66 30
243	1546	0.0	3	871 507 135 33
244	1543	0.0	3	1050 335 119 39
245	2885	0.0	3	1820 778 214 73
246	3281	0.0	3	2094 818 282 87
247	4734	0.0	3	2894 1234 462 144
248	12951	0.0	3	7619 3739 1262 331
249	21831	0.0	3	13043 5961 2073 754
250	76270	0.0	3	48468 21362 5229 1211
251	8345	0.0	3	4374 2589 994 388
252	1617	0.0	3	803 427 244 143
253	534	0.0	3	218 194 72 50
254	407	0.0	3	147 135 87 38
255	460	0.0	3	214 145 59 42
256	211	0.0	3	89 62 45 15
257	118	0.0	3	62 28 15 13
258	90	0.0	3	43 23 16 8
259	81	0.0	3	43 26 8 4
260	60	0.0	3	27 19 12 2
261	31	0.0	3	20 8 2 1
262	31	0.0	3	21 8 1 1
263	24	0.0	3	11 6 7
264	58	0.0	3	26 24 6 2
265	16	0.0	3	9 6 1
266	8	0.0	3	4 4
267	5	0.0	3	3 1 0 1
268	4	0.0	3	4
269	2	0.0	3	0 1 0 1
270	2	0.0	3	0 1 0 1
271	10	0.0	3	4 3 3
272	3	0.0	3	2 1
273	5	0.0	3	2 1 2
274	2	0.0	3	1 1
275	4	0.0	3	3 0 1
276	13	0.0	3	5 6 1 1
277	1	0.0	3	1
278	4	0.0	3	1 3
279	1	0.0	3	0 0 1
281	2	0.0	3	2


WARNING:
    One or more of your adapter sequences may be incomplete.
    Please see the detailed output above.
