This is cutadapt 5.2 with Python 3.11.0
Command line parameters: -O 3 -U 1 -m 15 --nextseq-trim=20 -j 24 --trim-n -q 20 -a AAGATCGGAAGAGCACACGTCTGAACTCCAGTCAC -g GTGACTGGAGTTCAGACGTGTGCTCTTCCGATCTT -A AGATCGGAAGAGCGTCGTGTAGGGAAAGAGTGT -o Trim/DK6_7.1.fq.gz -p Trim/DK6_7.2.fq.gz /stor/work/Lambowitz/Data/NGS//JA26026/DK6_7.1.fq.gz /stor/work/Lambowitz/Data/NGS//JA26026/DK6_7.2.fq.gz
Processing paired-end reads on 24 cores ...

=== Summary ===

Total read pairs processed:          2,729,989
  Read 1 with adapter:               2,425,567 (88.8%)
  Read 2 with adapter:               2,635,598 (96.5%)

== Read fate breakdown ==
Pairs that were too short:              11,980 (0.4%)
Pairs written (passing filters):     2,718,009 (99.6%)

Total basepairs processed: 1,637,993,400 bp
  Read 1:   818,996,700 bp
  Read 2:   818,996,700 bp
Quality-trimmed:             913,251,842 bp (55.8%)
  Read 1:   431,776,788 bp
  Read 2:   481,475,054 bp
Total written (filtered):    289,948,786 bp (17.7%)
  Read 1:   154,236,549 bp
  Read 2:   135,712,237 bp

=== First read: Adapter 1 ===

Sequence: AAGATCGGAAGAGCACACGTCTGAACTCCAGTCAC; Type: regular 3'; Length: 35; Trimmed: 2425560 times

Minimum overlap: 3
No. of allowed errors:
1-9 bp: 0; 10-19 bp: 1; 20-29 bp: 2; 30-35 bp: 3

Bases preceding removed adapters:
  A: 98.8%
  C: 0.5%
  G: 0.3%
  T: 0.1%
  none/other: 0.4%
WARNING:
    The adapter is preceded by 'A' extremely often.
    The provided adapter sequence could be incomplete at its 5' end.
    Ignore this warning when trimming primers.

Overview of removed sequences
length	count	expect	max.err	error counts
4	2271	10664.0	0	2271
5	253	2666.0	0	253
6	176	666.5	0	176
9	929	10.4	0	585 344
10	1849	2.6	1	1225 624
11	215	0.7	1	0 215
12	1189	0.2	1	927 262
13	238	0.0	1	0 238
14	324	0.0	1	184 140
15	155	0.0	1	76 79
16	228	0.0	1	101 127
17	189	0.0	1	76 113
18	316	0.0	1	148 168
19	98	0.0	1	0 54 44
20	325	0.0	2	99 133 93
21	226	0.0	2	68 103 55
22	186	0.0	2	42 77 67
23	15	0.0	2	0 6 9
24	727	0.0	2	169 329 229
25	1027	0.0	2	208 441 378
26	1628	0.0	2	353 791 484
27	2086	0.0	2	557 1096 433
28	1211	0.0	2	272 621 318
29	120	0.0	2	31 47 40 2
30	69	0.0	3	34 14 10 11
31	25	0.0	3	0 18 4 3
32	95	0.0	3	17 34 30 14
33	166	0.0	3	34 33 69 30
34	394	0.0	3	59 36 138 161
35	273	0.0	3	17 63 99 94
36	189	0.0	3	9 26 81 73
37	329	0.0	3	16 53 138 122
38	36	0.0	3	0 3 12 21
39	255	0.0	3	7 43 111 94
40	323	0.0	3	13 44 118 148
41	466	0.0	3	11 57 157 241
42	836	0.0	3	12 95 281 448
43	495	0.0	3	7 33 170 285
44	152	0.0	3	7 17 61 67
45	99	0.0	3	2 20 21 56
46	107	0.0	3	2 17 36 52
47	15	0.0	3	0 1 5 9
48	208	0.0	3	6 39 78 85
49	216	0.0	3	5 32 84 95
50	746	0.0	3	15 108 242 381
51	16	0.0	3	0 0 8 8
52	759	0.0	3	17 90 258 394
53	6659	0.0	3	73 486 3208 2892
54	146	0.0	3	2 17 37 90
55	6457	0.0	3	134 862 2448 3013
56	79112	0.0	3	413 15513 37826 25360
57	60778	0.0	3	91 3089 1471 56127
58	891	0.0	3	58 100 163 570
59	439	0.0	3	15 104 136 184
60	589	0.0	3	60 137 239 153
61	18	0.0	3	2 3 5 8
62	2630	0.0	3	569 575 1024 462
63	1282	0.0	3	62 306 454 460
64	2553	0.0	3	130 749 773 901
65	55	0.0	3	0 5 22 28
66	6097	0.0	3	289 1667 1695 2446
67	205847	0.0	3	734 54834 60327 89952
68	50412	0.0	3	1833 3389 4857 40333
69	20114	0.0	3	1828 3755 10792 3739
70	112445	0.0	3	2991 5933 91585 11936
71	123905	0.0	3	3549 49113 10399 60844
72	61340	0.0	3	33491 14291 9271 4287
73	98765	0.0	3	3466 11390 48392 35517
74	102419	0.0	3	3676 16454 67106 15183
75	863297	0.0	3	109103 347396 338559 68239
76	109676	0.0	3	2962 87086 15295 4333
77	3692	0.0	3	1590 1077 640 385
78	3383	0.0	3	2770 413 115 85
79	6110	0.0	3	3070 2603 346 91
80	12978	0.0	3	11306 1335 220 117
81	1013	0.0	3	824 128 33 28
82	1002	0.0	3	715 229 47 11
83	3383	0.0	3	870 2230 242 41
84	1555	0.0	3	1305 207 36 7
85	1412	0.0	3	1211 161 28 12
86	1844	0.0	3	1460 337 35 12
87	2741	0.0	3	2046 599 63 33
88	5269	0.0	3	3350 1680 197 42
89	5456	0.0	3	4097 1165 147 47
90	5329	0.0	3	3629 1519 149 32
91	6785	0.0	3	5173 1411 156 45
92	5662	0.0	3	3779 1615 228 40
93	7153	0.0	3	5803 1163 148 39
94	4575	0.0	3	3097 1296 148 34
95	6811	0.0	3	5322 1275 166 48
96	5536	0.0	3	4415 974 122 25
97	4517	0.0	3	3452 927 102 36
98	4203	0.0	3	3249 817 105 32
99	3748	0.0	3	2707 917 103 21
100	1414	0.0	3	1013 347 42 12
101	2054	0.0	3	1529 453 59 13
102	1553	0.0	3	1165 333 49 6
103	1140	0.0	3	843 253 35 9
104	789	0.0	3	573 183 22 11
105	940	0.0	3	674 238 22 6
106	1107	0.0	3	777 279 38 13
107	1089	0.0	3	814 239 23 13
108	991	0.0	3	753 201 25 12
109	890	0.0	3	584 274 23 9
110	1213	0.0	3	862 303 36 12
111	1236	0.0	3	881 308 40 7
112	1226	0.0	3	818 360 38 10
113	1714	0.0	3	1148 490 57 19
114	1681	0.0	3	1249 372 35 25
115	1749	0.0	3	1335 372 28 14
116	1448	0.0	3	1068 329 43 8
117	1639	0.0	3	1292 290 45 12
118	2443	0.0	3	1969 409 49 16
119	1944	0.0	3	1317 537 70 20
120	1283	0.0	3	916 297 54 16
121	2134	0.0	3	1183 836 102 13
122	1826	0.0	3	921 803 84 18
123	1788	0.0	3	1009 704 69 6
124	1654	0.0	3	1125 456 56 17
125	1519	0.0	3	1043 405 58 13
126	1193	0.0	3	776 357 47 13
127	953	0.0	3	650 254 38 11
128	1130	0.0	3	627 430 64 9
129	1643	0.0	3	645 886 100 12
130	1292	0.0	3	739 474 69 10
131	1004	0.0	3	541 397 54 12
132	715	0.0	3	428 235 41 11
133	864	0.0	3	528 285 43 8
134	868	0.0	3	534 280 46 8
135	905	0.0	3	404 435 57 9
136	747	0.0	3	381 321 38 7
137	608	0.0	3	341 216 47 4
138	785	0.0	3	433 299 45 8
139	690	0.0	3	336 287 60 7
140	798	0.0	3	437 311 40 10
141	583	0.0	3	363 158 51 11
142	589	0.0	3	367 171 44 7
143	517	0.0	3	310 145 49 13
144	612	0.0	3	374 176 52 10
145	792	0.0	3	491 229 59 13
146	734	0.0	3	528 138 50 18
147	611	0.0	3	430 121 53 7
148	522	0.0	3	321 135 56 10
149	631	0.0	3	389 140 91 11
150	1525	0.0	3	1160 268 83 14
151	924	0.0	3	615 188 96 25
152	722	0.0	3	474 171 66 11
153	621	0.0	3	380 152 76 13
154	673	0.0	3	436 134 84 19
155	617	0.0	3	378 138 86 15
156	584	0.0	3	353 132 82 17
157	592	0.0	3	306 187 89 10
158	612	0.0	3	313 177 104 18
159	583	0.0	3	284 170 107 22
160	578	0.0	3	289 135 139 15
161	593	0.0	3	339 90 133 31
162	612	0.0	3	342 89 162 19
163	1126	0.0	3	327 137 576 86
164	428	0.0	3	283 109 24 12
165	453	0.0	3	340 92 14 7
166	428	0.0	3	305 105 14 4
167	518	0.0	3	348 139 28 3
168	391	0.0	3	261 91 29 10
169	385	0.0	3	197 75 100 13
170	406	0.0	3	291 93 17 5
171	445	0.0	3	271 148 21 5
172	404	0.0	3	266 106 25 7
173	393	0.0	3	259 101 26 7
174	420	0.0	3	282 84 51 3
175	471	0.0	3	359 96 14 2
176	373	0.0	3	292 62 15 4
177	300	0.0	3	223 56 17 4
178	428	0.0	3	273 100 40 15
179	448	0.0	3	314 102 22 10
180	330	0.0	3	236 73 15 6
181	354	0.0	3	276 62 13 3
182	330	0.0	3	239 71 15 5
183	348	0.0	3	266 54 21 7
184	314	0.0	3	245 54 10 5
185	375	0.0	3	289 71 12 3
186	350	0.0	3	269 57 20 4
187	390	0.0	3	288 79 16 7
188	365	0.0	3	258 79 21 7
189	318	0.0	3	212 77 21 8
190	450	0.0	3	305 101 37 7
191	372	0.0	3	232 97 36 7
192	412	0.0	3	230 139 39 4
193	502	0.0	3	208 224 59 11
194	465	0.0	3	248 130 72 15
195	428	0.0	3	232 93 89 14
196	391	0.0	3	235 107 45 4
197	452	0.0	3	253 131 58 10
198	495	0.0	3	312 116 60 7
199	666	0.0	3	435 172 47 12
200	527	0.0	3	324 154 42 7
201	629	0.0	3	312 240 62 15
202	652	0.0	3	368 223 53 8
203	469	0.0	3	282 129 45 13
204	467	0.0	3	246 156 52 13
205	842	0.0	3	237 485 98 22
206	1209	0.0	3	832 301 57 19
207	664	0.0	3	289 287 69 19
208	453	0.0	3	228 170 50 5
209	691	0.0	3	430 187 60 14
210	359	0.0	3	192 112 45 10
211	440	0.0	3	201 187 46 6
212	492	0.0	3	285 102 95 10
213	507	0.0	3	247 152 97 11
214	1009	0.0	3	531 254 191 33
215	1037	0.0	3	306 442 257 32
216	452	0.0	3	226 159 49 18
217	479	0.0	3	310 116 44 9
218	481	0.0	3	319 110 41 11
219	498	0.0	3	222 171 85 20
220	596	0.0	3	330 158 92 16
221	556	0.0	3	301 167 72 16
222	768	0.0	3	388 286 67 27
223	475	0.0	3	252 159 51 13
224	684	0.0	3	296 302 63 23
225	405	0.0	3	254 113 24 14
226	730	0.0	3	511 161 34 24
227	914	0.0	3	519 173 36 186
228	737	0.0	3	388 214 100 35
229	1062	0.0	3	580 345 107 30
230	1270	0.0	3	657 451 115 47
231	986	0.0	3	560 289 76 61
232	2107	0.0	3	1217 720 112 58
233	4421	0.0	3	2084 1788 250 299
234	4288	0.0	3	1759 1944 293 292
235	1493	0.0	3	538 614 133 208
236	2332	0.0	3	343 1548 299 142
237	1535	0.0	3	333 777 212 213
238	1586	0.0	3	405 696 282 203
239	1877	0.0	3	464 684 430 299
240	2386	0.0	3	521 990 699 176
241	2279	0.0	3	380 718 692 489
242	4167	0.0	3	394 701 2377 695
243	2867	0.0	3	212 948 1024 683
244	6575	0.0	3	457 1269 2585 2264
245	4705	0.0	3	849 2364 967 525
246	4780	0.0	3	1887 1044 797 1052
247	4758	0.0	3	925 827 1595 1411
248	8490	0.0	3	2254 2135 2459 1642
249	23556	0.0	3	3684 5861 7127 6884
250	54793	0.0	3	13904 14807 13846 12236
251	136085	0.0	3	43014 35655 28936 28480
252	2872	0.0	3	768 730 725 649
253	156	0.0	3	9 45 52 50
254	45	0.0	3	5 13 11 16
255	40	0.0	3	8 10 11 11
256	30	0.0	3	2 6 10 12
257	17	0.0	3	5 4 3 5
258	14	0.0	3	4 3 4 3
259	7	0.0	3	2 3 2
260	7	0.0	3	2 2 2 1
261	2	0.0	3	1 0 1
262	3	0.0	3	0 0 1 2
263	2	0.0	3	0 1 1
264	1	0.0	3	0 0 0 1
272	1	0.0	3	0 1


=== First read: Adapter 2 ===

Sequence: GTGACTGGAGTTCAGACGTGTGCTCTTCCGATCTT; Type: regular 5'; Length: 35; Trimmed: 7 times

Minimum overlap: 3
No. of allowed errors:
1-9 bp: 0; 10-19 bp: 1; 20-29 bp: 2; 30-35 bp: 3

Overview of removed sequences
length	count	expect	max.err	error counts
3	7	42656.1	0	7


=== Second read: Adapter 3 ===

Sequence: AGATCGGAAGAGCGTCGTGTAGGGAAAGAGTGT; Type: regular 3'; Length: 33; Trimmed: 2635598 times

Minimum overlap: 3
No. of allowed errors:
1-9 bp: 0; 10-19 bp: 1; 20-29 bp: 2; 30-33 bp: 3

Bases preceding removed adapters:
  A: 0.3%
  C: 96.9%
  G: 0.1%
  T: 0.2%
  none/other: 2.6%
WARNING:
    The adapter is preceded by 'C' extremely often.
    The provided adapter sequence could be incomplete at its 5' end.
    Ignore this warning when trimming primers.

Overview of removed sequences
length	count	expect	max.err	error counts
3	3275	42656.1	0	3275
4	2716	10664.0	0	2716
5	1339	2666.0	0	1339
8	1279	41.7	0	1279
9	1213	10.4	0	1213
10	58	2.6	1	0 58
11	3423	0.7	1	2659 764
12	26	0.2	1	0 26
13	915	0.0	1	588 327
14	28	0.0	1	0 28
15	635	0.0	1	350 285
16	783	0.0	1	435 348
17	27	0.0	1	0 27
18	720	0.0	1	376 341 3
19	57	0.0	1	0 34 23
20	2185	0.0	2	832 925 428
21	3629	0.0	2	1154 1841 634
22	37	0.0	2	0 14 23
23	17	0.0	2	0 9 8
24	26	0.0	2	0 13 13
25	551	0.0	2	165 226 160
26	2635	0.0	2	806 1075 754
27	3535	0.0	2	849 1712 974
28	178	0.0	2	0 75 103
29	1486	0.0	2	599 539 348
30	109	0.0	3	0 58 37 14
31	1939	0.0	3	818 623 327 171
32	138	0.0	3	0 76 35 27
33	5185	0.0	3	2319 1615 834 417
34	8390	0.0	3	3833 2473 1402 682
35	2856	0.0	3	1151 862 551 292
36	6969	0.0	3	3347 1959 1074 589
37	686	0.0	3	54 344 191 97
38	53661	0.0	3	26555 15210 7801 4095
39	1620	0.0	3	474 549 364 233
40	1507	0.0	3	512 486 305 204
41	29149	0.0	3	15320 8173 3755 1901
42	2907	0.0	3	880 1015 612 400
43	92417	0.0	3	49640 25177 11605 5995
44	111475	0.0	3	54326 35176 14109 7864
45	2470	0.0	3	840 836 542 252
46	94313	0.0	3	39472 33486 13273 8082
47	85700	0.0	3	45709 8165 16600 15226
48	52980	0.0	3	29400 5596 9728 8256
49	38048	0.0	3	19052 5406 12501 1089
50	72699	0.0	3	55316 14836 2022 525
51	2286	0.0	3	1445 614 169 58
52	1228	0.0	3	734 358 105 31
53	75280	0.0	3	56727 16042 1876 635
54	1627	0.0	3	943 495 136 53
55	976	0.0	3	617 254 76 29
56	68616	0.0	3	49031 15041 3024 1520
57	108027	0.0	3	67922 25828 8839 5438
58	1286	0.0	3	618 420 168 80
59	84784	0.0	3	48258 16099 11499 8928
60	13055	0.0	3	7561 4522 804 168
61	149	0.0	3	73 43 26 7
62	5977	0.0	3	4106 1685 160 26
63	3756	0.0	3	2562 1043 136 15
64	4972	0.0	3	3337 1437 168 30
65	9411	0.0	3	6011 3061 299 40
66	11805	0.0	3	6707 4638 410 50
67	48165	0.0	3	26468 20064 1486 147
68	35167	0.0	3	22089 10203 2168 707
69	24797	0.0	3	15981 6189 1890 737
70	180795	0.0	3	117744 34305 17144 11602
71	141342	0.0	3	57001 59668 23393 1280
72	6543	0.0	3	3502 2422 470 149
73	44565	0.0	3	22230 21300 952 83
74	4117	0.0	3	3115 847 127 28
75	17190	0.0	3	15417 1502 211 60
76	45290	0.0	3	40798 3899 450 143
77	53938	0.0	3	48745 4303 661 229
78	663571	0.0	3	576057 78103 7806 1605
79	59983	0.0	3	53408 5317 871 387
80	2436	0.0	3	1119 1024 215 78
81	2452	0.0	3	151 1939 290 72
82	5022	0.0	3	49 4259 549 165
83	20796	0.0	3	20 18408 1881 487
84	329	0.0	3	9 101 123 96
85	33	0.0	3	2 11 13 7
86	548	0.0	3	4 488 47 9
87	1233	0.0	3	2 1106 103 22
88	2363	0.0	3	0 2136 193 34
89	1452	0.0	3	0 1293 127 32
90	973	0.0	3	0 870 86 17
91	1012	0.0	3	0 913 78 21
92	740	0.0	3	0 672 54 14
93	396	0.0	3	0 347 37 12
94	266	0.0	3	0 235 25 6
95	424	0.0	3	0 392 27 5
96	174	0.0	3	0 143 20 11
97	551	0.0	3	0 502 37 12
98	206	0.0	3	0 177 20 9
99	164	0.0	3	0 140 19 5
100	181	0.0	3	0 156 22 3
101	87	0.0	3	0 75 8 4
102	101	0.0	3	0 86 11 4
103	89	0.0	3	0 80 8 1
104	105	0.0	3	0 90 13 2
105	109	0.0	3	0 94 12 3
106	127	0.0	3	1 102 20 4
107	68	0.0	3	0 53 11 4
108	99	0.0	3	2 82 11 4
109	135	0.0	3	2 116 12 5
110	95	0.0	3	0 81 13 1
111	106	0.0	3	0 93 11 2
112	64	0.0	3	4 48 9 3
113	163	0.0	3	3 146 6 8
114	185	0.0	3	13 146 22 4
115	101	0.0	3	11 75 10 5
116	99	0.0	3	0 78 14 7
117	114	0.0	3	0 95 17 2
118	163	0.0	3	0 133 20 10
119	110	0.0	3	0 81 20 9
120	83	0.0	3	1 67 12 3
121	101	0.0	3	0 85 11 5
122	146	0.0	3	0 119 18 9
123	80	0.0	3	1 59 14 6
124	151	0.0	3	1 128 18 4
125	116	0.0	3	2 95 14 5
126	59	0.0	3	1 40 14 4
127	98	0.0	3	5 70 19 4
128	94	0.0	3	11 66 14 3
129	80	0.0	3	12 55 11 2
130	70	0.0	3	6 51 6 7
131	92	0.0	3	7 67 14 4
132	72	0.0	3	7 57 6 2
133	61	0.0	3	0 53 7 1
134	65	0.0	3	3 49 11 2
135	118	0.0	3	2 99 13 4
136	93	0.0	3	12 67 8 6
137	67	0.0	3	5 45 13 4
138	75	0.0	3	1 51 18 5
139	76	0.0	3	5 55 13 3
140	57	0.0	3	4 41 7 5
141	64	0.0	3	4 40 13 7
142	91	0.0	3	12 61 14 4
143	77	0.0	3	9 54 10 4
144	106	0.0	3	23 68 13 2
145	113	0.0	3	52 50 6 5
146	122	0.0	3	27 77 15 3
147	65	0.0	3	11 40 11 3
148	124	0.0	3	62 47 11 4
149	78	0.0	3	23 37 17 1
150	75	0.0	3	18 39 15 3
151	182	0.0	3	98 70 9 5
152	170	0.0	3	80 70 14 6
153	339	0.0	3	222 83 22 12
154	812	0.0	3	640 123 41 8
155	127	0.0	3	52 44 23 8
156	128	0.0	3	34 68 14 12
157	120	0.0	3	47 57 11 5
158	176	0.0	3	65 79 22 10
159	130	0.0	3	36 67 19 8
160	110	0.0	3	24 67 10 9
161	108	0.0	3	39 53 10 6
162	125	0.0	3	37 59 20 9
163	120	0.0	3	28 55 29 8
164	145	0.0	3	53 69 16 7
165	137	0.0	3	48 56 28 5
166	193	0.0	3	73 95 17 8
167	121	0.0	3	27 69 19 6
168	171	0.0	3	33 96 32 10
169	156	0.0	3	25 86 29 16
170	210	0.0	3	37 113 38 22
171	157	0.0	3	28 82 31 16
172	246	0.0	3	56 128 42 20
173	288	0.0	3	75 131 55 27
174	384	0.0	3	38 211 82 53
175	215	0.0	3	81 78 37 19
176	282	0.0	3	151 86 30 15
177	185	0.0	3	105 47 21 12
178	101	0.0	3	24 56 15 6
179	128	0.0	3	32 62 23 11
180	105	0.0	3	25 56 15 9
181	134	0.0	3	37 55 30 12
182	119	0.0	3	27 54 25 13
183	96	0.0	3	28 41 14 13
184	151	0.0	3	42 69 24 16
185	357	0.0	3	214 96 34 13
186	140	0.0	3	13 76 33 18
187	113	0.0	3	51 39 13 10
188	145	0.0	3	69 49 18 9
189	224	0.0	3	123 69 19 13
190	177	0.0	3	101 50 19 7
191	125	0.0	3	84 28 10 3
192	52	0.0	3	12 27 6 7
193	62	0.0	3	11 33 10 8
194	74	0.0	3	11 43 15 5
195	89	0.0	3	25 44 9 11
196	67	0.0	3	11 36 14 6
197	39	0.0	3	11 18 8 2
198	55	0.0	3	14 29 8 4
199	51	0.0	3	12 18 17 4
200	20	0.0	3	6 10 3 1
201	24	0.0	3	6 13 3 2
202	17	0.0	3	9 6 1 1
203	33	0.0	3	12 13 5 3
204	47	0.0	3	23 15 6 3
205	91	0.0	3	59 16 11 5
206	63	0.0	3	42 13 5 3
207	95	0.0	3	82 7 6
208	30	0.0	3	16 8 6
209	46	0.0	3	24 13 5 4
210	30	0.0	3	17 7 4 2
211	36	0.0	3	27 6 2 1
212	27	0.0	3	19 6 1 1
213	42	0.0	3	36 3 3
214	20	0.0	3	15 3 2
215	41	0.0	3	29 7 3 2
216	32	0.0	3	21 7 3 1
217	52	0.0	3	40 7 3 2
218	31	0.0	3	26 4 1
219	33	0.0	3	24 7 1 1
220	27	0.0	3	22 4 1
221	55	0.0	3	43 6 4 2
222	320	0.0	3	270 43 6 1
223	141	0.0	3	119 17 3 2
224	564	0.0	3	489 58 9 8
225	135	0.0	3	84 38 9 4
226	91	0.0	3	53 30 3 5
227	85	0.0	3	66 13 5 1
228	62	0.0	3	40 11 7 4
229	268	0.0	3	231 30 5 2
230	375	0.0	3	326 30 10 9
231	661	0.0	3	573 55 20 13
232	185	0.0	3	153 21 8 3
233	549	0.0	3	473 56 13 7
234	133	0.0	3	100 20 9 4
235	256	0.0	3	224 24 6 2
236	384	0.0	3	329 44 8 3
237	271	0.0	3	196 55 16 4
238	291	0.0	3	124 136 20 11
239	518	0.0	3	413 82 18 5
240	1332	0.0	3	1098 175 42 17
241	392	0.0	3	255 101 30 6
242	578	0.0	3	385 133 52 8
243	1923	0.0	3	1100 638 160 25
244	1682	0.0	3	1237 322 106 17
245	3202	0.0	3	2181 785 197 39
246	3715	0.0	3	2524 873 265 53
247	4741	0.0	3	3157 1148 355 81
248	15782	0.0	3	9940 4346 1240 256
249	21568	0.0	3	14575 5166 1452 375
250	102347	0.0	3	68441 26395 6254 1257
251	2314	0.0	3	1217 658 288 151
252	190	0.0	3	95 45 23 27
253	60	0.0	3	25 24 7 4
254	32	0.0	3	15 8 6 3
255	32	0.0	3	12 14 2 4
256	23	0.0	3	10 6 5 2
257	9	0.0	3	5 3 0 1
258	9	0.0	3	5 3 1
259	2	0.0	3	1 1
260	6	0.0	3	3 2 1
261	2	0.0	3	2
262	1	0.0	3	1
264	2	0.0	3	1 1
269	2	0.0	3	1 1
271	1	0.0	3	1


WARNING:
    One or more of your adapter sequences may be incomplete.
    Please see the detailed output above.
