This is cutadapt 5.2 with Python 3.11.0
Command line parameters: -O 3 -U 1 -m 15 --nextseq-trim=20 -j 24 --trim-n -q 20 -a AAGATCGGAAGAGCACACGTCTGAACTCCAGTCAC -g GTGACTGGAGTTCAGACGTGTGCTCTTCCGATCTT -A AGATCGGAAGAGCGTCGTGTAGGGAAAGAGTGT -o Trim/DK6_6.1.fq.gz -p Trim/DK6_6.2.fq.gz /stor/work/Lambowitz/Data/NGS//JA26026/DK6_6.1.fq.gz /stor/work/Lambowitz/Data/NGS//JA26026/DK6_6.2.fq.gz
Processing paired-end reads on 24 cores ...

=== Summary ===

Total read pairs processed:          2,601,735
  Read 1 with adapter:               2,306,378 (88.6%)
  Read 2 with adapter:               2,501,145 (96.1%)

== Read fate breakdown ==
Pairs that were too short:              13,721 (0.5%)
Pairs written (passing filters):     2,588,014 (99.5%)

Total basepairs processed: 1,561,041,000 bp
  Read 1:   780,520,500 bp
  Read 2:   780,520,500 bp
Quality-trimmed:             851,987,718 bp (54.6%)
  Read 1:   411,842,406 bp
  Read 2:   440,145,312 bp
Total written (filtered):    277,353,084 bp (17.8%)
  Read 1:   147,195,301 bp
  Read 2:   130,157,783 bp

=== First read: Adapter 1 ===

Sequence: AAGATCGGAAGAGCACACGTCTGAACTCCAGTCAC; Type: regular 3'; Length: 35; Trimmed: 2306375 times

Minimum overlap: 3
No. of allowed errors:
1-9 bp: 0; 10-19 bp: 1; 20-29 bp: 2; 30-35 bp: 3

Bases preceding removed adapters:
  A: 98.6%
  C: 0.6%
  G: 0.3%
  T: 0.1%
  none/other: 0.5%
WARNING:
    The adapter is preceded by 'A' extremely often.
    The provided adapter sequence could be incomplete at its 5' end.
    Ignore this warning when trimming primers.

Overview of removed sequences
length	count	expect	max.err	error counts
4	2312	10163.0	0	2312
5	259	2540.8	0	259
6	167	635.2	0	167
9	1022	9.9	0	627 395
10	1923	2.5	1	1196 727
11	212	0.6	1	0 212
12	1231	0.2	1	944 287
13	218	0.0	1	0 218
14	359	0.0	1	211 148
15	180	0.0	1	84 96
16	199	0.0	1	85 114
17	191	0.0	1	98 93
18	358	0.0	1	184 174
19	70	0.0	1	0 46 24
20	286	0.0	2	82 118 86
21	194	0.0	2	64 81 49
22	129	0.0	2	35 60 34
23	8	0.0	2	0 4 4
24	563	0.0	2	131 245 187
25	994	0.0	2	209 431 354
26	1759	0.0	2	392 808 559
27	2238	0.0	2	646 1119 473
28	1242	0.0	2	252 649 338 3
29	146	0.0	2	32 68 41 5
30	59	0.0	3	22 12 15 10
31	39	0.0	3	0 30 7 2
32	164	0.0	3	38 45 50 31
33	197	0.0	3	38 35 86 38
34	441	0.0	3	77 37 162 165
35	372	0.0	3	21 50 164 137
36	33	0.0	3	2 6 13 12
37	177	0.0	3	8 35 78 56
38	139	0.0	3	4 25 48 62
39	260	0.0	3	6 43 104 107
40	366	0.0	3	9 51 143 163
41	511	0.0	3	18 55 174 264
42	636	0.0	3	15 74 225 322
43	505	0.0	3	5 23 175 302
44	254	0.0	3	15 62 102 75
45	104	0.0	3	1 26 30 47
46	98	0.0	3	4 15 41 38
47	20	0.0	3	1 2 4 13
48	360	0.0	3	15 72 135 138
49	251	0.0	3	9 37 101 104
50	698	0.0	3	24 97 269 308
51	36	0.0	3	0 4 14 18
52	689	0.0	3	15 80 244 350
53	6630	0.0	3	61 488 3130 2951
54	157	0.0	3	0 12 39 106
55	6476	0.0	3	126 792 2503 3055
56	75022	0.0	3	389 14838 35779 24016
57	58135	0.0	3	97 2982 1594 53462
58	1005	0.0	3	69 109 145 682
59	385	0.0	3	9 80 121 175
60	511	0.0	3	62 122 191 136
61	16	0.0	3	2 0 5 9
62	2479	0.0	3	503 543 981 452
63	1119	0.0	3	49 301 370 399
64	2209	0.0	3	111 668 638 792
65	50	0.0	3	0 2 21 27
66	5652	0.0	3	254 1563 1538 2297
67	195725	0.0	3	715 51746 57958 85306
68	48514	0.0	3	1994 3163 4850 38507
69	18862	0.0	3	1659 3440 10220 3543
70	106997	0.0	3	2737 5375 87138 11747
71	117757	0.0	3	3316 46145 10152 58144
72	58280	0.0	3	31710 13541 8719 4310
73	94144	0.0	3	3401 10678 45834 34231
74	97266	0.0	3	3402 15129 64120 14615
75	816050	0.0	3	101768 326563 321333 66386
76	105427	0.0	3	2811 81869 16098 4649
77	3757	0.0	3	1393 1212 709 443
78	3145	0.0	3	2561 415 97 72
79	6048	0.0	3	2906 2745 314 83
80	12626	0.0	3	10916 1365 232 113
81	1099	0.0	3	848 162 54 35
82	1040	0.0	3	742 242 45 11
83	3345	0.0	3	894 2184 233 34
84	1535	0.0	3	1283 198 39 15
85	1315	0.0	3	1154 127 25 9
86	1858	0.0	3	1476 335 32 15
87	2729	0.0	3	2009 595 95 30
88	5421	0.0	3	3485 1683 201 52
89	5463	0.0	3	4104 1170 145 44
90	5430	0.0	3	3737 1507 143 43
91	6655	0.0	3	5020 1415 174 46
92	5368	0.0	3	3556 1555 205 52
93	6850	0.0	3	5539 1136 120 55
94	4469	0.0	3	3017 1260 147 45
95	6521	0.0	3	5143 1187 142 49
96	5112	0.0	3	3964 996 119 33
97	4370	0.0	3	3303 910 119 38
98	4028	0.0	3	3107 795 98 28
99	3592	0.0	3	2539 911 116 26
100	1353	0.0	3	997 293 53 10
101	1916	0.0	3	1384 470 51 11
102	1397	0.0	3	994 344 46 13
103	1055	0.0	3	787 229 31 8
104	717	0.0	3	531 156 24 6
105	908	0.0	3	603 267 27 11
106	1071	0.0	3	777 252 35 7
107	982	0.0	3	727 229 18 8
108	940	0.0	3	696 212 21 11
109	821	0.0	3	547 226 36 12
110	1209	0.0	3	863 303 35 8
111	1197	0.0	3	848 294 38 17
112	1220	0.0	3	807 372 32 9
113	1660	0.0	3	1140 466 46 8
114	1610	0.0	3	1164 390 42 14
115	1701	0.0	3	1313 325 52 11
116	1460	0.0	3	1066 338 44 12
117	1569	0.0	3	1262 262 40 5
118	2317	0.0	3	1831 410 59 17
119	1728	0.0	3	1153 510 48 17
120	1232	0.0	3	905 273 38 16
121	2012	0.0	3	1074 814 102 22
122	1638	0.0	3	805 732 87 14
123	1770	0.0	3	989 677 89 15
124	1660	0.0	3	1066 512 67 15
125	1466	0.0	3	992 404 61 9
126	1157	0.0	3	731 377 38 11
127	867	0.0	3	577 255 29 6
128	1078	0.0	3	631 387 50 10
129	1497	0.0	3	575 807 98 17
130	1260	0.0	3	685 486 71 18
131	898	0.0	3	524 323 40 11
132	678	0.0	3	428 210 29 11
133	770	0.0	3	468 257 35 10
134	858	0.0	3	506 288 51 13
135	875	0.0	3	414 393 55 13
136	649	0.0	3	349 246 43 11
137	594	0.0	3	331 217 34 12
138	624	0.0	3	356 214 40 14
139	634	0.0	3	319 262 48 5
140	740	0.0	3	433 259 43 5
141	564	0.0	3	340 166 47 11
142	490	0.0	3	309 129 43 9
143	512	0.0	3	314 142 44 12
144	625	0.0	3	374 180 58 13
145	855	0.0	3	565 191 84 15
146	682	0.0	3	501 129 40 12
147	573	0.0	3	401 113 54 5
148	527	0.0	3	331 136 49 11
149	618	0.0	3	378 149 76 15
150	1489	0.0	3	1143 249 76 21
151	889	0.0	3	629 166 76 18
152	626	0.0	3	438 124 53 11
153	642	0.0	3	405 160 62 15
154	654	0.0	3	415 150 80 9
155	569	0.0	3	333 142 77 17
156	569	0.0	3	348 117 87 17
157	536	0.0	3	268 168 87 13
158	555	0.0	3	313 132 89 21
159	608	0.0	3	295 172 127 14
160	582	0.0	3	307 153 104 18
161	622	0.0	3	337 103 158 24
162	552	0.0	3	276 82 168 26
163	1080	0.0	3	294 145 547 94
164	412	0.0	3	262 120 24 6
165	390	0.0	3	287 83 15 5
166	370	0.0	3	258 93 12 7
167	486	0.0	3	326 124 27 9
168	359	0.0	3	236 78 38 7
169	406	0.0	3	227 85 80 14
170	378	0.0	3	262 99 14 3
171	429	0.0	3	284 124 19 2
172	379	0.0	3	242 99 31 7
173	361	0.0	3	256 84 17 4
174	363	0.0	3	217 89 49 8
175	410	0.0	3	306 85 13 6
176	353	0.0	3	266 67 14 6
177	313	0.0	3	224 64 20 5
178	414	0.0	3	284 80 38 12
179	436	0.0	3	299 102 29 6
180	349	0.0	3	264 71 12 2
181	291	0.0	3	224 50 13 4
182	286	0.0	3	222 51 9 4
183	324	0.0	3	250 44 28 2
184	327	0.0	3	241 74 8 4
185	324	0.0	3	257 54 10 3
186	291	0.0	3	220 57 11 3
187	337	0.0	3	241 75 19 2
188	327	0.0	3	229 67 30 1
189	281	0.0	3	198 54 21 8
190	389	0.0	3	268 93 24 4
191	369	0.0	3	223 102 37 7
192	361	0.0	3	222 92 40 7
193	459	0.0	3	173 185 87 14
194	433	0.0	3	234 115 71 13
195	399	0.0	3	236 81 69 13
196	360	0.0	3	216 91 37 16
197	430	0.0	3	233 132 48 17
198	444	0.0	3	275 107 53 9
199	589	0.0	3	378 137 60 14
200	486	0.0	3	286 149 39 12
201	567	0.0	3	272 233 51 11
202	621	0.0	3	350 202 54 15
203	449	0.0	3	258 129 55 7
204	411	0.0	3	209 142 51 9
205	737	0.0	3	234 397 93 13
206	1099	0.0	3	753 254 77 15
207	576	0.0	3	260 249 53 14
208	423	0.0	3	217 162 39 5
209	580	0.0	3	354 163 52 11
210	356	0.0	3	184 126 39 7
211	425	0.0	3	200 155 61 9
212	425	0.0	3	243 95 76 11
213	484	0.0	3	245 140 88 11
214	921	0.0	3	504 215 167 35
215	959	0.0	3	269 429 220 41
216	386	0.0	3	194 147 38 7
217	444	0.0	3	274 111 50 9
218	442	0.0	3	281 102 49 10
219	463	0.0	3	221 149 75 18
220	577	0.0	3	311 163 85 18
221	509	0.0	3	259 169 58 23
222	702	0.0	3	335 290 57 20
223	467	0.0	3	284 128 37 18
224	621	0.0	3	301 254 45 21
225	450	0.0	3	281 126 27 16
226	704	0.0	3	465 175 32 32
227	936	0.0	3	481 219 44 192
228	719	0.0	3	373 228 78 40
229	961	0.0	3	539 279 110 33
230	1184	0.0	3	591 442 99 52
231	989	0.0	3	541 291 94 63
232	1921	0.0	3	1108 646 111 56
233	4086	0.0	3	1985 1576 242 283
234	3990	0.0	3	1596 1849 264 281
235	1483	0.0	3	556 599 122 206
236	2235	0.0	3	338 1506 270 121
237	1411	0.0	3	280 705 206 220
238	1442	0.0	3	354 670 249 169
239	1777	0.0	3	411 675 383 308
240	2230	0.0	3	492 911 647 180
241	2236	0.0	3	372 738 621 505
242	4091	0.0	3	438 727 2222 704
243	2824	0.0	3	199 963 1001 661
244	6211	0.0	3	438 1127 2563 2083
245	4384	0.0	3	763 2225 884 512
246	4617	0.0	3	1790 1020 759 1048
247	4630	0.0	3	884 757 1564 1425
248	7975	0.0	3	2042 2076 2232 1625
249	22290	0.0	3	3447 5458 6903 6482
250	51705	0.0	3	13086 13963 13128 11528
251	128740	0.0	3	40620 34022 27325 26773
252	3595	0.0	3	1023 867 908 797
253	178	0.0	3	10 47 69 52
254	27	0.0	3	4 4 11 8
255	27	0.0	3	1 9 5 12
256	17	0.0	3	3 2 6 6
257	9	0.0	3	2 1 2 4
258	4	0.0	3	0 1 1 2
259	5	0.0	3	1 0 2 2
260	4	0.0	3	2 1 1
261	2	0.0	3	0 1 0 1
262	1	0.0	3	0 1
263	1	0.0	3	0 0 0 1
265	2	0.0	3	0 1 1
266	2	0.0	3	0 2
267	1	0.0	3	0 1


=== First read: Adapter 2 ===

Sequence: GTGACTGGAGTTCAGACGTGTGCTCTTCCGATCTT; Type: regular 5'; Length: 35; Trimmed: 3 times

Minimum overlap: 3
No. of allowed errors:
1-9 bp: 0; 10-19 bp: 1; 20-29 bp: 2; 30-35 bp: 3

Overview of removed sequences
length	count	expect	max.err	error counts
3	1	40652.1	0	1
4	2	10163.0	0	2


=== Second read: Adapter 3 ===

Sequence: AGATCGGAAGAGCGTCGTGTAGGGAAAGAGTGT; Type: regular 3'; Length: 33; Trimmed: 2501145 times

Minimum overlap: 3
No. of allowed errors:
1-9 bp: 0; 10-19 bp: 1; 20-29 bp: 2; 30-33 bp: 3

Bases preceding removed adapters:
  A: 0.3%
  C: 96.8%
  G: 0.2%
  T: 0.2%
  none/other: 2.5%
WARNING:
    The adapter is preceded by 'C' extremely often.
    The provided adapter sequence could be incomplete at its 5' end.
    Ignore this warning when trimming primers.

Overview of removed sequences
length	count	expect	max.err	error counts
3	3095	40652.1	0	3095
4	2164	10163.0	0	2164
5	1675	2540.8	0	1675
8	1101	39.7	0	1101
9	983	9.9	0	983
10	72	2.5	1	0 72
11	3040	0.6	1	2349 691
12	50	0.2	1	0 50
13	692	0.0	1	413 279
14	22	0.0	1	0 22
15	491	0.0	1	262 229
16	608	0.0	1	310 298
17	21	0.0	1	0 21
18	528	0.0	1	272 253 3
19	56	0.0	1	0 44 12
20	1596	0.0	2	576 657 363
21	2108	0.0	2	661 1009 438
22	17	0.0	2	0 10 7
23	11	0.0	2	0 3 8
24	14	0.0	2	0 8 6
25	317	0.0	2	94 133 90
26	1438	0.0	2	439 597 402
27	1895	0.0	2	396 878 621
28	113	0.0	2	0 50 63
29	856	0.0	2	325 304 226 1
30	46	0.0	3	0 29 14 3
31	1232	0.0	3	459 419 228 126
32	62	0.0	3	0 27 23 12
33	1680	0.0	3	710 529 265 176
34	1452	0.0	3	458 465 333 196
35	1355	0.0	3	442 400 318 195
36	118	0.0	3	34 30 33 21
37	172	0.0	3	33 57 40 42
38	2190	0.0	3	721 620 484 365
39	142	0.0	3	39 34 38 31
40	301	0.0	3	127 71 54 49
41	2857	0.0	3	865 944 616 432
42	422	0.0	3	112 105 109 96
43	6077	0.0	3	1814 1918 1371 974
44	14150	0.0	3	4148 4954 3037 2011
45	323	0.0	3	54 108 99 62
46	11114	0.0	3	3038 4564 2255 1257
47	10343	0.0	3	4448 1741 2188 1966
48	13186	0.0	3	5832 1869 3031 2454
49	5102	0.0	3	1573 977 1912 640
50	8696	0.0	3	4686 2582 980 448
51	123	0.0	3	34 42 35 12
52	215	0.0	3	71 76 45 23
53	12459	0.0	3	7247 3577 1133 502
54	286	0.0	3	88 98 63 37
55	211	0.0	3	92 59 41 19
56	13424	0.0	3	7330 3819 1497 778
57	24935	0.0	3	12613 7824 2877 1621
58	509	0.0	3	105 172 130 102
59	55223	0.0	3	24529 12324 10144 8226
60	5564	0.0	3	2219 1956 988 401
61	42	0.0	3	13 12 14 3
62	2062	0.0	3	1241 583 172 66
63	2828	0.0	3	1760 752 244 72
64	2979	0.0	3	1708 941 251 79
65	6877	0.0	3	4034 2273 469 101
66	15227	0.0	3	7679 6517 859 172
67	118133	0.0	3	55208 57536 4626 763
68	20793	0.0	3	11378 5796 2666 953
69	24467	0.0	3	14735 5367 3241 1124
70	483183	0.0	3	284719 82684 62023 53757
71	308131	0.0	3	147762 101692 53738 4939
72	20535	0.0	3	10700 7185 1861 789
73	86667	0.0	3	39818 43543 2876 430
74	14058	0.0	3	9971 3238 665 184
75	46183	0.0	3	40363 4757 797 266
76	76001	0.0	3	65434 8505 1589 473
77	77106	0.0	3	65831 8753 1826 696
78	721795	0.0	3	612315 93609 12413 3458
79	53170	0.0	3	43802 7046 1593 729
80	3673	0.0	3	618 2486 436 133
81	3917	0.0	3	36 3353 424 104
82	6073	0.0	3	12 5186 703 172
83	14312	0.0	3	6 12485 1423 398
84	281	0.0	3	0 109 105 67
85	25	0.0	3	1 11 7 6
86	283	0.0	3	1 245 22 15
87	611	0.0	3	0 551 45 15
88	1187	0.0	3	0 1052 110 25
89	755	0.0	3	1 662 66 26
90	576	0.0	3	0 491 63 22
91	676	0.0	3	0 602 55 19
92	426	0.0	3	0 373 45 8
93	231	0.0	3	0 197 25 9
94	193	0.0	3	0 166 21 6
95	284	0.0	3	0 245 31 8
96	108	0.0	3	0 85 19 4
97	385	0.0	3	0 337 39 9
98	125	0.0	3	0 102 15 8
99	132	0.0	3	0 105 21 6
100	128	0.0	3	0 111 13 4
101	63	0.0	3	0 50 9 4
102	75	0.0	3	0 52 21 2
103	57	0.0	3	0 41 12 4
104	76	0.0	3	0 52 13 11
105	83	0.0	3	0 66 12 5
106	82	0.0	3	0 61 17 4
107	64	0.0	3	0 47 10 7
108	75	0.0	3	1 59 10 5
109	95	0.0	3	2 71 18 4
110	85	0.0	3	0 65 14 6
111	102	0.0	3	2 82 14 4
112	57	0.0	3	5 32 19 1
113	122	0.0	3	5 92 18 7
114	154	0.0	3	8 118 21 7
115	93	0.0	3	13 56 15 9
116	101	0.0	3	0 72 17 12
117	82	0.0	3	0 63 11 8
118	138	0.0	3	0 110 18 10
119	74	0.0	3	0 57 6 11
120	70	0.0	3	0 46 16 8
121	107	0.0	3	1 88 11 7
122	111	0.0	3	3 88 13 7
123	80	0.0	3	1 55 16 8
124	177	0.0	3	0 150 20 7
125	88	0.0	3	2 63 16 7
126	61	0.0	3	2 36 17 6
127	97	0.0	3	4 73 14 6
128	82	0.0	3	10 49 14 9
129	76	0.0	3	15 44 11 6
130	60	0.0	3	13 40 5 2
131	95	0.0	3	11 71 7 6
132	69	0.0	3	10 46 8 5
133	64	0.0	3	4 34 16 10
134	56	0.0	3	1 33 9 13
135	80	0.0	3	1 64 14 1
136	65	0.0	3	8 36 13 8
137	64	0.0	3	4 39 14 7
138	71	0.0	3	4 43 18 6
139	63	0.0	3	2 42 12 7
140	54	0.0	3	3 30 16 5
141	51	0.0	3	1 38 8 4
142	56	0.0	3	8 29 15 4
143	50	0.0	3	6 35 6 3
144	107	0.0	3	21 63 20 3
145	123	0.0	3	59 48 14 2
146	103	0.0	3	29 54 13 7
147	66	0.0	3	8 43 14 1
148	116	0.0	3	52 46 11 7
149	87	0.0	3	27 42 14 4
150	78	0.0	3	29 30 14 5
151	187	0.0	3	119 42 21 5
152	181	0.0	3	88 64 21 8
153	427	0.0	3	253 117 40 17
154	945	0.0	3	739 162 32 12
155	140	0.0	3	55 49 31 5
156	126	0.0	3	38 50 27 11
157	131	0.0	3	42 52 28 9
158	139	0.0	3	52 54 20 13
159	138	0.0	3	38 58 26 16
160	91	0.0	3	28 51 7 5
161	108	0.0	3	32 49 16 11
162	128	0.0	3	45 51 20 12
163	122	0.0	3	45 48 19 10
164	130	0.0	3	38 68 15 9
165	154	0.0	3	68 43 31 12
166	214	0.0	3	86 80 27 21
167	133	0.0	3	36 51 30 16
168	129	0.0	3	28 58 26 17
169	140	0.0	3	26 66 36 12
170	196	0.0	3	33 94 38 31
171	180	0.0	3	38 83 41 18
172	239	0.0	3	54 101 55 29
173	312	0.0	3	72 129 67 44
174	357	0.0	3	36 178 90 53
175	198	0.0	3	83 71 31 13
176	271	0.0	3	144 77 31 19
177	158	0.0	3	83 49 17 9
178	86	0.0	3	21 44 13 8
179	108	0.0	3	23 48 19 18
180	109	0.0	3	26 49 21 13
181	104	0.0	3	19 50 24 11
182	127	0.0	3	39 55 20 13
183	79	0.0	3	29 32 14 4
184	146	0.0	3	52 58 20 16
185	317	0.0	3	207 63 24 23
186	150	0.0	3	20 79 34 17
187	94	0.0	3	45 30 13 6
188	150	0.0	3	71 51 20 8
189	202	0.0	3	119 62 12 9
190	205	0.0	3	133 45 17 10
191	94	0.0	3	54 27 7 6
192	59	0.0	3	15 29 10 5
193	59	0.0	3	6 38 13 2
194	68	0.0	3	8 40 16 4
195	93	0.0	3	15 46 17 15
196	57	0.0	3	14 29 11 3
197	38	0.0	3	9 14 12 3
198	64	0.0	3	21 22 13 8
199	36	0.0	3	6 16 12 2
200	18	0.0	3	6 9 2 1
201	24	0.0	3	8 9 3 4
202	30	0.0	3	10 12 4 4
203	40	0.0	3	9 18 11 2
204	50	0.0	3	28 9 7 6
205	80	0.0	3	54 17 4 5
206	86	0.0	3	54 21 7 4
207	80	0.0	3	67 8 3 2
208	36	0.0	3	22 9 5
209	30	0.0	3	19 7 4
210	18	0.0	3	11 4 2 1
211	26	0.0	3	18 6 1 1
212	21	0.0	3	16 4 0 1
213	28	0.0	3	18 8 1 1
214	20	0.0	3	11 5 3 1
215	35	0.0	3	26 7 2
216	35	0.0	3	24 9 2
217	43	0.0	3	32 9 1 1
218	24	0.0	3	17 3 2 2
219	33	0.0	3	26 4 1 2
220	27	0.0	3	21 2 3 1
221	37	0.0	3	27 5 4 1
222	302	0.0	3	250 43 6 3
223	143	0.0	3	122 16 4 1
224	544	0.0	3	488 45 7 4
225	107	0.0	3	71 25 11
226	87	0.0	3	45 26 9 7
227	88	0.0	3	75 6 6 1
228	72	0.0	3	59 10 2 1
229	289	0.0	3	249 29 5 6
230	326	0.0	3	273 36 11 6
231	591	0.0	3	512 64 10 5
232	173	0.0	3	139 19 12 3
233	488	0.0	3	426 48 6 8
234	142	0.0	3	110 24 4 4
235	251	0.0	3	214 26 6 5
236	387	0.0	3	337 41 5 4
237	235	0.0	3	172 46 12 5
238	281	0.0	3	89 133 40 19
239	454	0.0	3	354 68 24 8
240	1161	0.0	3	936 160 42 23
241	405	0.0	3	256 95 41 13
242	573	0.0	3	394 127 42 10
243	1777	0.0	3	1004 579 162 32
244	1527	0.0	3	1144 269 94 20
245	3147	0.0	3	2095 782 217 53
246	3691	0.0	3	2523 823 293 52
247	4506	0.0	3	2931 1085 393 97
248	14905	0.0	3	9079 4201 1324 301
249	20349	0.0	3	13643 4853 1480 373
250	96173	0.0	3	63151 25120 6443 1459
251	2905	0.0	3	1507 864 366 168
252	207	0.0	3	102 52 31 22
253	50	0.0	3	15 25 5 5
254	27	0.0	3	9 12 3 3
255	32	0.0	3	15 7 6 4
256	17	0.0	3	9 4 4
257	9	0.0	3	7 1 1
258	10	0.0	3	6 1 2 1
259	4	0.0	3	3 0 1
260	3	0.0	3	2 1
261	4	0.0	3	3 1
262	4	0.0	3	3 0 0 1
263	2	0.0	3	0 1 1
264	2	0.0	3	1 0 1


WARNING:
    One or more of your adapter sequences may be incomplete.
    Please see the detailed output above.
