This is cutadapt 5.2 with Python 3.11.0
Command line parameters: -O 3 -U 1 -m 15 --nextseq-trim=20 -j 24 --trim-n -q 20 -a AAGATCGGAAGAGCACACGTCTGAACTCCAGTCAC -g GTGACTGGAGTTCAGACGTGTGCTCTTCCGATCTT -A AGATCGGAAGAGCGTCGTGTAGGGAAAGAGTGT -o Trim/DK6_2.1.fq.gz -p Trim/DK6_2.2.fq.gz /stor/work/Lambowitz/Data/NGS//JA26026/DK6_2.1.fq.gz /stor/work/Lambowitz/Data/NGS//JA26026/DK6_2.2.fq.gz
Processing paired-end reads on 24 cores ...

=== Summary ===

Total read pairs processed:          2,198,768
  Read 1 with adapter:               1,951,863 (88.8%)
  Read 2 with adapter:               2,114,576 (96.2%)

== Read fate breakdown ==
Pairs that were too short:               9,996 (0.5%)
Pairs written (passing filters):     2,188,772 (99.5%)

Total basepairs processed: 1,319,260,800 bp
  Read 1:   659,630,400 bp
  Read 2:   659,630,400 bp
Quality-trimmed:             720,082,626 bp (54.6%)
  Read 1:   348,049,087 bp
  Read 2:   372,033,539 bp
Total written (filtered):    234,456,414 bp (17.8%)
  Read 1:   124,339,500 bp
  Read 2:   110,116,914 bp

=== First read: Adapter 1 ===

Sequence: AAGATCGGAAGAGCACACGTCTGAACTCCAGTCAC; Type: regular 3'; Length: 35; Trimmed: 1951849 times

Minimum overlap: 3
No. of allowed errors:
1-9 bp: 0; 10-19 bp: 1; 20-29 bp: 2; 30-35 bp: 3

Bases preceding removed adapters:
  A: 98.8%
  C: 0.5%
  G: 0.3%
  T: 0.1%
  none/other: 0.4%
WARNING:
    The adapter is preceded by 'A' extremely often.
    The provided adapter sequence could be incomplete at its 5' end.
    Ignore this warning when trimming primers.

Overview of removed sequences
length	count	expect	max.err	error counts
4	1860	8588.9	0	1860
5	178	2147.2	0	178
6	142	536.8	0	142
9	731	8.4	0	459 272
10	1430	2.1	1	900 530
11	149	0.5	1	0 149
12	976	0.1	1	747 229
13	188	0.0	1	0 188
14	275	0.0	1	161 114
15	141	0.0	1	59 82
16	219	0.0	1	112 107
17	188	0.0	1	83 105
18	303	0.0	1	149 153 1
19	112	0.0	1	0 62 50
20	344	0.0	2	87 157 100
21	211	0.0	2	50 96 65
22	199	0.0	2	44 98 57
23	11	0.0	2	0 7 4
24	802	0.0	2	177 361 264
25	1062	0.0	2	201 464 397
26	1592	0.0	2	334 778 480
27	2397	0.0	2	646 1219 532
28	1362	0.0	2	299 708 355
29	108	0.0	2	28 51 28 1
30	83	0.0	3	35 22 15 11
31	30	0.0	3	0 23 4 3
32	125	0.0	3	26 31 44 24
33	135	0.0	3	21 26 54 34
34	368	0.0	3	56 44 123 145
35	232	0.0	3	16 44 82 90
36	245	0.0	3	14 31 89 111
37	29	0.0	3	0 5 10 14
38	186	0.0	3	11 26 76 73
39	236	0.0	3	9 42 92 93
40	46	0.0	3	0 4 14 28
41	321	0.0	3	14 44 105 158
42	441	0.0	3	8 44 157 232
43	319	0.0	3	7 30 111 171
44	110	0.0	3	4 20 41 45
45	58	0.0	3	2 12 19 25
46	56	0.0	3	2 11 16 27
47	17	0.0	3	0 3 4 10
48	165	0.0	3	6 28 55 76
49	140	0.0	3	5 22 46 67
50	521	0.0	3	10 70 207 234
51	14	0.0	3	0 1 4 9
52	573	0.0	3	13 74 191 295
53	5121	0.0	3	40 369 2559 2153
54	141	0.0	3	0 8 36 97
55	5046	0.0	3	95 602 2022 2327
56	61774	0.0	3	309 12231 29977 19257
57	47340	0.0	3	68 2423 1198 43651
58	726	0.0	3	31 77 131 487
59	320	0.0	3	10 64 105 141
60	435	0.0	3	48 110 169 108
61	18	0.0	3	0 7 3 8
62	2020	0.0	3	402 463 792 363
63	979	0.0	3	51 272 325 331
64	1983	0.0	3	112 557 610 704
65	45	0.0	3	0 4 20 21
66	4766	0.0	3	199 1363 1290 1914
67	163657	0.0	3	595 43822 48347 70893
68	40600	0.0	3	1513 2586 3782 32719
69	16132	0.0	3	1430 2976 8784 2942
70	91895	0.0	3	2305 4813 74532 10245
71	99614	0.0	3	2815 39392 8694 48713
72	49650	0.0	3	26873 11783 7543 3451
73	79314	0.0	3	2744 9132 38468 28970
74	82618	0.0	3	2992 13282 53394 12950
75	699054	0.0	3	88546 279931 273197 57380
76	88477	0.0	3	2279 70011 12720 3467
77	3214	0.0	3	1441 875 576 322
78	2913	0.0	3	2341 389 95 88
79	4972	0.0	3	2512 2069 301 90
80	10761	0.0	3	9286 1161 214 100
81	884	0.0	3	705 118 40 21
82	893	0.0	3	624 223 33 13
83	2861	0.0	3	777 1810 242 32
84	1431	0.0	3	1203 183 32 13
85	1221	0.0	3	1066 120 26 9
86	1727	0.0	3	1377 295 41 14
87	2412	0.0	3	1801 522 72 17
88	4552	0.0	3	2879 1438 189 46
89	4644	0.0	3	3488 997 120 39
90	4384	0.0	3	3054 1148 152 30
91	5485	0.0	3	4116 1204 127 38
92	4528	0.0	3	3022 1293 177 36
93	5775	0.0	3	4660 951 128 36
94	3623	0.0	3	2438 1018 132 35
95	5307	0.0	3	4179 978 117 33
96	4083	0.0	3	3157 795 95 36
97	3578	0.0	3	2735 722 93 28
98	3244	0.0	3	2470 656 100 18
99	2841	0.0	3	2038 695 86 22
100	1146	0.0	3	838 267 31 10
101	1483	0.0	3	1092 337 42 12
102	1134	0.0	3	847 239 34 14
103	844	0.0	3	615 187 33 9
104	573	0.0	3	406 145 21 1
105	757	0.0	3	530 201 22 4
106	884	0.0	3	618 223 36 7
107	860	0.0	3	620 207 27 6
108	773	0.0	3	596 145 25 7
109	693	0.0	3	456 198 28 11
110	934	0.0	3	675 224 31 4
111	959	0.0	3	672 241 38 8
112	980	0.0	3	649 282 36 13
113	1371	0.0	3	890 422 42 17
114	1206	0.0	3	888 271 36 11
115	1352	0.0	3	1038 265 36 13
116	1157	0.0	3	853 256 40 8
117	1289	0.0	3	991 252 36 10
118	1890	0.0	3	1479 351 51 9
119	1495	0.0	3	992 439 50 14
120	998	0.0	3	704 263 21 10
121	1677	0.0	3	889 679 85 24
122	1349	0.0	3	708 549 82 10
123	1511	0.0	3	849 566 82 14
124	1309	0.0	3	857 390 54 8
125	1192	0.0	3	790 341 45 16
126	916	0.0	3	580 278 43 15
127	764	0.0	3	510 210 38 6
128	893	0.0	3	525 316 44 8
129	1228	0.0	3	483 650 85 10
130	994	0.0	3	529 399 53 13
131	788	0.0	3	452 284 42 10
132	559	0.0	3	358 176 20 5
133	645	0.0	3	385 216 36 8
134	722	0.0	3	422 245 47 8
135	718	0.0	3	319 338 52 9
136	561	0.0	3	303 216 33 9
137	479	0.0	3	268 170 33 8
138	564	0.0	3	303 217 29 15
139	529	0.0	3	264 205 48 12
140	602	0.0	3	348 218 31 5
141	486	0.0	3	311 127 37 11
142	424	0.0	3	254 125 36 9
143	439	0.0	3	273 110 45 11
144	498	0.0	3	295 151 45 7
145	640	0.0	3	399 160 67 14
146	513	0.0	3	374 98 32 9
147	487	0.0	3	325 93 61 8
148	422	0.0	3	264 103 43 12
149	479	0.0	3	277 132 57 13
150	1243	0.0	3	912 217 102 12
151	713	0.0	3	463 169 66 15
152	572	0.0	3	373 154 29 16
153	503	0.0	3	316 112 60 15
154	548	0.0	3	344 126 62 16
155	514	0.0	3	321 110 71 12
156	507	0.0	3	317 104 72 14
157	459	0.0	3	240 131 75 13
158	468	0.0	3	251 106 100 11
159	472	0.0	3	249 122 87 14
160	461	0.0	3	237 125 82 17
161	508	0.0	3	296 87 98 27
162	477	0.0	3	263 66 130 18
163	957	0.0	3	266 107 493 91
164	316	0.0	3	190 96 21 9
165	353	0.0	3	252 80 16 5
166	360	0.0	3	233 108 15 4
167	419	0.0	3	275 110 26 8
168	324	0.0	3	211 79 29 5
169	338	0.0	3	179 72 78 9
170	370	0.0	3	261 87 20 2
171	397	0.0	3	251 121 21 4
172	332	0.0	3	216 89 21 6
173	314	0.0	3	221 75 17 1
174	319	0.0	3	195 70 49 5
175	354	0.0	3	256 78 17 3
176	267	0.0	3	204 47 13 3
177	257	0.0	3	171 65 17 4
178	318	0.0	3	227 67 19 5
179	391	0.0	3	261 104 18 8
180	289	0.0	3	200 70 15 4
181	269	0.0	3	201 57 6 5
182	239	0.0	3	178 50 9 2
183	293	0.0	3	211 60 19 3
184	253	0.0	3	179 61 11 2
185	277	0.0	3	218 47 7 5
186	299	0.0	3	224 61 10 4
187	289	0.0	3	196 80 7 6
188	288	0.0	3	210 50 22 6
189	243	0.0	3	177 43 18 5
190	350	0.0	3	211 108 24 7
191	309	0.0	3	196 76 29 8
192	288	0.0	3	155 93 34 6
193	430	0.0	3	193 173 56 8
194	361	0.0	3	191 97 66 7
195	336	0.0	3	205 70 55 6
196	283	0.0	3	168 76 33 6
197	338	0.0	3	202 96 34 6
198	364	0.0	3	240 65 51 8
199	465	0.0	3	299 100 55 11
200	407	0.0	3	241 125 34 7
201	437	0.0	3	195 194 35 13
202	501	0.0	3	288 168 39 6
203	393	0.0	3	224 109 47 13
204	367	0.0	3	194 119 48 6
205	643	0.0	3	182 364 88 9
206	913	0.0	3	612 229 62 10
207	499	0.0	3	199 235 58 7
208	342	0.0	3	176 113 39 14
209	528	0.0	3	325 143 49 11
210	296	0.0	3	146 113 30 7
211	317	0.0	3	152 119 37 9
212	354	0.0	3	190 84 68 12
213	370	0.0	3	188 114 57 11
214	750	0.0	3	378 181 163 28
215	815	0.0	3	245 344 194 32
216	342	0.0	3	178 116 34 14
217	358	0.0	3	238 72 41 7
218	351	0.0	3	228 73 40 10
219	424	0.0	3	198 132 84 10
220	459	0.0	3	262 125 56 16
221	409	0.0	3	232 114 51 12
222	621	0.0	3	294 260 51 16
223	380	0.0	3	206 130 33 11
224	505	0.0	3	239 213 37 16
225	310	0.0	3	193 88 12 17
226	544	0.0	3	378 114 23 29
227	743	0.0	3	394 171 37 141
228	653	0.0	3	333 223 73 24
229	820	0.0	3	468 234 83 35
230	1007	0.0	3	512 355 87 53
231	825	0.0	3	472 230 79 44
232	1728	0.0	3	977 613 98 40
233	3519	0.0	3	1594 1469 206 250
234	3344	0.0	3	1348 1568 226 202
235	1280	0.0	3	435 555 104 186
236	1881	0.0	3	253 1289 219 120
237	1230	0.0	3	246 638 147 199
238	1258	0.0	3	312 560 205 181
239	1497	0.0	3	358 510 364 265
240	1901	0.0	3	399 759 563 180
241	1848	0.0	3	280 589 573 406
242	3358	0.0	3	369 609 1791 589
243	2298	0.0	3	156 792 795 555
244	5233	0.0	3	339 953 2175 1766
245	3818	0.0	3	659 1932 783 444
246	3847	0.0	3	1484 885 629 849
247	3799	0.0	3	711 635 1281 1172
248	6728	0.0	3	1734 1733 1961 1300
249	19050	0.0	3	2926 4824 5817 5483
250	43711	0.0	3	10929 11867 11082 9833
251	109543	0.0	3	34343 29141 23236 22823
252	2236	0.0	3	591 560 566 519
253	144	0.0	3	9 45 55 35
254	47	0.0	3	3 15 20 9
255	36	0.0	3	0 8 15 13
256	23	0.0	3	3 2 7 11
257	14	0.0	3	4 3 4 3
258	13	0.0	3	5 3 1 4
259	11	0.0	3	4 1 1 5
260	4	0.0	3	0 1 1 2
261	6	0.0	3	1 2 2 1
262	1	0.0	3	0 0 1
263	6	0.0	3	2 1 2 1
264	2	0.0	3	0 0 1 1
265	1	0.0	3	0 1
266	2	0.0	3	0 0 0 2
282	1	0.0	3	0 0 0 1


=== First read: Adapter 2 ===

Sequence: GTGACTGGAGTTCAGACGTGTGCTCTTCCGATCTT; Type: regular 5'; Length: 35; Trimmed: 14 times

Minimum overlap: 3
No. of allowed errors:
1-9 bp: 0; 10-19 bp: 1; 20-29 bp: 2; 30-35 bp: 3

Overview of removed sequences
length	count	expect	max.err	error counts
3	13	34355.8	0	13
5	1	2147.2	0	1


=== Second read: Adapter 3 ===

Sequence: AGATCGGAAGAGCGTCGTGTAGGGAAAGAGTGT; Type: regular 3'; Length: 33; Trimmed: 2114576 times

Minimum overlap: 3
No. of allowed errors:
1-9 bp: 0; 10-19 bp: 1; 20-29 bp: 2; 30-33 bp: 3

Bases preceding removed adapters:
  A: 0.3%
  C: 96.9%
  G: 0.1%
  T: 0.3%
  none/other: 2.5%
WARNING:
    The adapter is preceded by 'C' extremely often.
    The provided adapter sequence could be incomplete at its 5' end.
    Ignore this warning when trimming primers.

Overview of removed sequences
length	count	expect	max.err	error counts
3	2597	34355.8	0	2597
4	2111	8588.9	0	2111
5	1434	2147.2	0	1434
8	1143	33.6	0	1143
9	639	8.4	0	639
10	60	2.1	1	0 60
11	2426	0.5	1	1861 565
12	43	0.1	1	0 43
13	468	0.0	1	275 193
14	24	0.0	1	0 24
15	315	0.0	1	161 154
16	385	0.0	1	208 177
17	14	0.0	1	0 14
18	352	0.0	1	164 187 1
19	35	0.0	1	0 23 12
20	1118	0.0	2	379 502 237
21	1820	0.0	2	599 851 370
22	24	0.0	2	0 12 12
23	12	0.0	2	0 3 9
24	16	0.0	2	0 5 11
25	289	0.0	2	82 124 83
26	1498	0.0	2	443 591 464
27	1555	0.0	2	337 749 469
28	73	0.0	2	0 33 40
29	583	0.0	2	236 200 146 1
30	39	0.0	3	0 20 15 4
31	860	0.0	3	336 280 162 82
32	88	0.0	3	0 47 29 12
33	2285	0.0	3	1004 749 349 183
34	208	0.0	3	66 58 56 28
35	1242	0.0	3	446 353 271 172
36	939	0.0	3	278 251 213 197
37	812	0.0	3	208 230 197 177
38	737	0.0	3	165 235 192 145
39	1283	0.0	3	354 363 315 251
40	283	0.0	3	49 85 72 77
41	2723	0.0	3	805 798 631 489
42	475	0.0	3	93 152 124 106
43	5827	0.0	3	1675 1888 1288 976
44	13402	0.0	3	4169 4603 2824 1806
45	352	0.0	3	41 134 105 72
46	10895	0.0	3	3005 4701 2086 1103
47	11115	0.0	3	4600 1675 2570 2270
48	12955	0.0	3	5789 1826 2915 2425
49	5018	0.0	3	1625 901 1963 529
50	8356	0.0	3	4745 2321 869 421
51	124	0.0	3	30 44 34 16
52	196	0.0	3	75 66 32 23
53	12352	0.0	3	7480 3340 1061 471
54	292	0.0	3	99 96 68 29
55	199	0.0	3	66 74 36 23
56	13426	0.0	3	7625 3599 1455 747
57	25142	0.0	3	12816 7686 2954 1686
58	481	0.0	3	112 177 125 67
59	52129	0.0	3	23959 11022 9688 7460
60	4510	0.0	3	2031 1551 648 280
61	45	0.0	3	17 14 12 2
62	2024	0.0	3	1199 601 172 52
63	2509	0.0	3	1579 689 187 54
64	2735	0.0	3	1628 850 211 46
65	6607	0.0	3	3869 2235 428 75
66	13481	0.0	3	6763 5812 786 120
67	94810	0.0	3	44203 46213 3849 545
68	19104	0.0	3	10831 5081 2314 878
69	20365	0.0	3	12421 4413 2532 999
70	390476	0.0	3	231399 68694 48142 42241
71	250935	0.0	3	119662 84488 43062 3723
72	14460	0.0	3	7706 5104 1145 505
73	72892	0.0	3	33657 36581 2349 305
74	10299	0.0	3	7473 2252 464 110
75	37728	0.0	3	33091 3850 601 186
76	60273	0.0	3	52172 6621 1123 357
77	61672	0.0	3	53418 6519 1253 482
78	624396	0.0	3	531191 80017 10411 2777
79	46278	0.0	3	39277 5328 1130 543
80	2407	0.0	3	565 1477 264 101
81	2887	0.0	3	52 2426 343 66
82	4737	0.0	3	36 4019 522 160
83	13531	0.0	3	10 11812 1340 369
84	200	0.0	3	8 65 61 66
85	22	0.0	3	2 11 5 4
86	365	0.0	3	2 310 44 9
87	821	0.0	3	1 723 72 25
88	1633	0.0	3	1 1454 147 31
89	921	0.0	3	0 805 97 19
90	689	0.0	3	0 591 81 17
91	759	0.0	3	0 669 68 22
92	528	0.0	3	0 470 49 9
93	309	0.0	3	0 277 20 12
94	226	0.0	3	0 199 24 3
95	312	0.0	3	0 278 30 4
96	114	0.0	3	0 95 14 5
97	442	0.0	3	0 397 34 11
98	145	0.0	3	0 120 16 9
99	153	0.0	3	0 134 17 2
100	142	0.0	3	0 122 17 3
101	57	0.0	3	0 44 8 5
102	71	0.0	3	0 53 13 5
103	75	0.0	3	0 59 10 6
104	92	0.0	3	0 72 16 4
105	102	0.0	3	0 91 10 1
106	90	0.0	3	0 71 13 6
107	59	0.0	3	0 44 12 3
108	77	0.0	3	2 61 10 4
109	85	0.0	3	0 72 11 2
110	95	0.0	3	1 71 17 6
111	100	0.0	3	2 85 13
112	51	0.0	3	2 42 7
113	119	0.0	3	6 90 20 3
114	156	0.0	3	8 118 24 6
115	85	0.0	3	5 64 12 4
116	91	0.0	3	0 75 12 4
117	83	0.0	3	0 65 14 4
118	108	0.0	3	0 90 14 4
119	94	0.0	3	0 81 9 4
120	66	0.0	3	1 50 10 5
121	94	0.0	3	0 76 15 3
122	127	0.0	3	0 101 17 9
123	72	0.0	3	0 49 14 9
124	143	0.0	3	1 112 22 8
125	83	0.0	3	5 58 10 10
126	69	0.0	3	2 49 14 4
127	97	0.0	3	6 67 16 8
128	51	0.0	3	4 33 8 6
129	85	0.0	3	10 54 14 7
130	53	0.0	3	2 38 10 3
131	74	0.0	3	8 47 12 7
132	52	0.0	3	6 36 9 1
133	69	0.0	3	2 48 10 9
134	57	0.0	3	2 41 11 3
135	92	0.0	3	3 65 18 6
136	63	0.0	3	8 39 12 4
137	60	0.0	3	3 40 13 4
138	55	0.0	3	2 40 10 3
139	68	0.0	3	6 49 9 4
140	34	0.0	3	1 27 5 1
141	41	0.0	3	3 30 5 3
142	53	0.0	3	5 38 6 4
143	49	0.0	3	11 31 5 2
144	71	0.0	3	15 40 13 3
145	100	0.0	3	48 45 4 3
146	96	0.0	3	23 60 10 3
147	75	0.0	3	15 42 14 4
148	104	0.0	3	50 38 9 7
149	69	0.0	3	29 28 9 3
150	65	0.0	3	15 35 10 5
151	176	0.0	3	93 54 20 9
152	119	0.0	3	56 47 11 5
153	337	0.0	3	200 96 31 10
154	758	0.0	3	612 111 27 8
155	132	0.0	3	41 63 17 11
156	94	0.0	3	27 47 12 8
157	111	0.0	3	31 51 22 7
158	136	0.0	3	44 60 21 11
159	130	0.0	3	34 66 22 8
160	90	0.0	3	23 46 16 5
161	91	0.0	3	30 39 14 8
162	82	0.0	3	31 38 7 6
163	109	0.0	3	30 57 16 6
164	119	0.0	3	48 48 12 11
165	127	0.0	3	48 52 19 8
166	163	0.0	3	69 64 22 8
167	107	0.0	3	21 55 21 10
168	134	0.0	3	24 65 36 9
169	126	0.0	3	14 67 29 16
170	138	0.0	3	23 77 24 14
171	145	0.0	3	19 77 31 18
172	213	0.0	3	47 98 44 24
173	274	0.0	3	64 125 54 31
174	310	0.0	3	44 144 88 34
175	191	0.0	3	69 72 36 14
176	227	0.0	3	124 66 22 15
177	163	0.0	3	83 54 17 9
178	71	0.0	3	11 34 15 11
179	100	0.0	3	16 49 22 13
180	108	0.0	3	22 51 24 11
181	108	0.0	3	24 49 24 11
182	122	0.0	3	29 47 33 13
183	83	0.0	3	20 38 13 12
184	122	0.0	3	47 49 17 9
185	279	0.0	3	185 47 34 13
186	112	0.0	3	13 50 32 17
187	104	0.0	3	55 27 14 8
188	126	0.0	3	68 32 19 7
189	171	0.0	3	106 40 17 8
190	184	0.0	3	111 51 15 7
191	75	0.0	3	42 19 9 5
192	55	0.0	3	12 26 12 5
193	63	0.0	3	9 36 14 4
194	70	0.0	3	15 41 12 2
195	83	0.0	3	16 43 16 8
196	55	0.0	3	13 31 9 2
197	32	0.0	3	11 13 3 5
198	48	0.0	3	17 16 9 6
199	45	0.0	3	11 19 8 7
200	23	0.0	3	10 10 1 2
201	22	0.0	3	5 11 5 1
202	22	0.0	3	5 8 7 2
203	29	0.0	3	12 12 1 4
204	49	0.0	3	21 16 7 5
205	100	0.0	3	69 19 7 5
206	58	0.0	3	44 6 4 4
207	84	0.0	3	56 15 10 3
208	33	0.0	3	18 6 8 1
209	31	0.0	3	24 5 1 1
210	22	0.0	3	13 3 5 1
211	20	0.0	3	17 0 2 1
212	22	0.0	3	13 5 3 1
213	24	0.0	3	14 7 2 1
214	16	0.0	3	10 5 0 1
215	33	0.0	3	19 10 2 2
216	18	0.0	3	11 4 2 1
217	54	0.0	3	41 7 4 2
218	31	0.0	3	16 9 3 3
219	31	0.0	3	23 4 2 2
220	26	0.0	3	17 3 5 1
221	30	0.0	3	19 7 1 3
222	291	0.0	3	241 42 6 2
223	130	0.0	3	104 19 5 2
224	528	0.0	3	452 57 14 5
225	115	0.0	3	76 28 9 2
226	87	0.0	3	47 30 8 2
227	80	0.0	3	70 9 1
228	74	0.0	3	58 7 7 2
229	262	0.0	3	227 19 11 5
230	320	0.0	3	270 39 7 4
231	588	0.0	3	510 60 15 3
232	130	0.0	3	100 20 8 2
233	453	0.0	3	384 55 10 4
234	101	0.0	3	70 22 6 3
235	188	0.0	3	160 16 7 5
236	356	0.0	3	310 38 7 1
237	236	0.0	3	156 64 10 6
238	242	0.0	3	93 110 25 14
239	418	0.0	3	332 68 15 3
240	962	0.0	3	789 127 34 12
241	331	0.0	3	220 73 31 7
242	456	0.0	3	309 114 25 8
243	1526	0.0	3	873 511 119 23
244	1311	0.0	3	957 258 75 21
245	2592	0.0	3	1744 655 165 28
246	3109	0.0	3	2115 719 229 46
247	3937	0.0	3	2555 978 335 69
248	12711	0.0	3	7803 3541 1126 241
249	17352	0.0	3	11604 4134 1274 340
250	81496	0.0	3	53816 21310 5232 1138
251	1867	0.0	3	977 531 240 119
252	166	0.0	3	85 31 26 24
253	54	0.0	3	21 21 8 4
254	43	0.0	3	15 14 7 7
255	19	0.0	3	7 4 6 2
256	21	0.0	3	8 7 5 1
257	18	0.0	3	15 2 1
258	5	0.0	3	0 1 2 2
259	2	0.0	3	1 1
260	3	0.0	3	2 1
261	4	0.0	3	2 2
262	2	0.0	3	2
263	1	0.0	3	1
265	1	0.0	3	0 1
267	2	0.0	3	0 1 1
271	1	0.0	3	0 0 0 1
274	1	0.0	3	1


WARNING:
    One or more of your adapter sequences may be incomplete.
    Please see the detailed output above.
