This is cutadapt 5.2 with Python 3.11.0
Command line parameters: -O 3 -U 1 -m 15 --nextseq-trim=20 -j 24 --trim-n -q 20 -a AAGATCGGAAGAGCACACGTCTGAACTCCAGTCAC -g GTGACTGGAGTTCAGACGTGTGCTCTTCCGATCTT -A AGATCGGAAGAGCGTCGTGTAGGGAAAGAGTGT -o Trim/DK6_4.1.fq.gz -p Trim/DK6_4.2.fq.gz /stor/work/Lambowitz/Data/NGS//JA26026/DK6_4.1.fq.gz /stor/work/Lambowitz/Data/NGS//JA26026/DK6_4.2.fq.gz
Processing paired-end reads on 24 cores ...

=== Summary ===

Total read pairs processed:          2,738,927
  Read 1 with adapter:               2,318,762 (84.7%)
  Read 2 with adapter:               2,599,964 (94.9%)

== Read fate breakdown ==
Pairs that were too short:              14,170 (0.5%)
Pairs written (passing filters):     2,724,757 (99.5%)

Total basepairs processed: 1,643,356,200 bp
  Read 1:   821,678,100 bp
  Read 2:   821,678,100 bp
Quality-trimmed:             899,662,375 bp (54.7%)
  Read 1:   435,398,523 bp
  Read 2:   464,263,852 bp
Total written (filtered):    301,018,926 bp (18.3%)
  Read 1:   162,963,929 bp
  Read 2:   138,054,997 bp

=== First read: Adapter 1 ===

Sequence: AAGATCGGAAGAGCACACGTCTGAACTCCAGTCAC; Type: regular 3'; Length: 35; Trimmed: 2318757 times

Minimum overlap: 3
No. of allowed errors:
1-9 bp: 0; 10-19 bp: 1; 20-29 bp: 2; 30-35 bp: 3

Bases preceding removed adapters:
  A: 98.3%
  C: 0.7%
  G: 0.3%
  T: 0.1%
  none/other: 0.6%
WARNING:
    The adapter is preceded by 'A' extremely often.
    The provided adapter sequence could be incomplete at its 5' end.
    Ignore this warning when trimming primers.

Overview of removed sequences
length	count	expect	max.err	error counts
4	3446	10698.9	0	3446
5	291	2674.7	0	291
6	259	668.7	0	259
9	908	10.4	0	535 373
10	1851	2.6	1	1159 692
11	175	0.7	1	0 175
12	1122	0.2	1	812 310
13	233	0.0	1	0 233
14	438	0.0	1	238 200
15	213	0.0	1	101 112
16	234	0.0	1	109 125
17	181	0.0	1	77 104
18	295	0.0	1	128 166 1
19	99	0.0	1	0 55 44
20	335	0.0	2	103 131 101
21	267	0.0	2	69 101 97
22	263	0.0	2	59 106 98
23	13	0.0	2	0 3 10
24	567	0.0	2	135 266 166
25	1023	0.0	2	227 438 358
26	1613	0.0	2	350 738 525
27	2182	0.0	2	555 1074 553
28	1216	0.0	2	223 588 405
29	175	0.0	2	31 69 69 6
30	122	0.0	3	28 29 36 29
31	26	0.0	3	0 11 6 9
32	808	0.0	3	32 141 255 380
33	506	0.0	3	49 59 175 223
34	392	0.0	3	62 35 141 154
35	327	0.0	3	21 62 128 116
36	268	0.0	3	12 34 96 126
37	26	0.0	3	2 2 11 11
38	184	0.0	3	8 31 86 59
39	181	0.0	3	10 20 58 93
40	191	0.0	3	9 25 61 96
41	673	0.0	3	29 129 232 283
42	1203	0.0	3	27 159 419 598
43	582	0.0	3	17 88 205 272
44	127	0.0	3	7 31 37 52
45	125	0.0	3	4 23 50 48
46	130	0.0	3	6 26 49 49
47	37	0.0	3	1 7 9 20
48	243	0.0	3	8 31 95 109
49	217	0.0	3	7 27 87 96
50	717	0.0	3	18 84 279 336
51	27	0.0	3	0 2 11 14
52	766	0.0	3	15 95 277 379
53	5924	0.0	3	53 476 2817 2578
54	159	0.0	3	2 16 50 91
55	6123	0.0	3	116 719 2291 2997
56	69092	0.0	3	361 13550 33055 22126
57	54639	0.0	3	93 2892 1568 50086
58	1344	0.0	3	105 112 185 942
59	737	0.0	3	11 107 216 403
60	4985	0.0	3	74 283 1018 3610
61	91	0.0	3	0 10 21 60
62	3092	0.0	3	551 715 1172 654
63	1348	0.0	3	63 346 421 518
64	2419	0.0	3	144 594 771 910
65	62	0.0	3	0 7 20 35
66	5472	0.0	3	236 1499 1494 2243
67	183322	0.0	3	686 48957 54110 79569
68	48027	0.0	3	2220 3056 5104 37647
69	18257	0.0	3	1599 3313 9870 3475
70	100740	0.0	3	2646 5239 82006 10849
71	112876	0.0	3	3236 44011 10386 55243
72	62184	0.0	3	31021 14409 9899 6855
73	93757	0.0	3	3487 10623 45029 34618
74	98259	0.0	3	3493 15791 61645 17330
75	808273	0.0	3	99902 320880 315283 72208
76	118786	0.0	3	3915 84316 20350 10205
77	11150	0.0	3	1920 3394 2981 2855
78	6896	0.0	3	2540 1407 1332 1617
79	8571	0.0	3	2822 2980 1241 1528
80	21684	0.0	3	10704 3415 3250 4315
81	3313	0.0	3	870 1053 839 551
82	1100	0.0	3	683 241 111 65
83	3195	0.0	3	803 2093 236 63
84	1666	0.0	3	1251 234 95 86
85	1725	0.0	3	1234 275 111 105
86	1782	0.0	3	1329 339 70 44
87	2615	0.0	3	1959 539 72 45
88	4964	0.0	3	3112 1540 226 86
89	5240	0.0	3	3712 1242 193 93
90	5176	0.0	3	3486 1453 167 70
91	6165	0.0	3	4641 1285 177 62
92	5179	0.0	3	3370 1516 213 80
93	6685	0.0	3	5234 1156 204 91
94	4419	0.0	3	2896 1225 204 94
95	6419	0.0	3	4929 1200 187 103
96	5325	0.0	3	4045 980 199 101
97	4372	0.0	3	3165 966 153 88
98	4188	0.0	3	3101 810 178 99
99	3678	0.0	3	2529 931 151 67
100	1677	0.0	3	1072 411 117 77
101	2010	0.0	3	1388 475 85 62
102	1472	0.0	3	1026 330 71 45
103	1243	0.0	3	855 279 78 31
104	864	0.0	3	592 183 60 29
105	889	0.0	3	573 250 46 20
106	1114	0.0	3	757 261 58 38
107	1020	0.0	3	736 225 40 19
108	973	0.0	3	736 176 47 14
109	857	0.0	3	578 223 36 20
110	1121	0.0	3	803 257 42 19
111	1202	0.0	3	823 305 49 25
112	1274	0.0	3	852 356 48 18
113	1682	0.0	3	1111 470 78 23
114	1578	0.0	3	1108 375 64 31
115	1674	0.0	3	1294 301 54 25
116	1467	0.0	3	1015 359 65 28
117	1626	0.0	3	1252 295 60 19
118	2199	0.0	3	1669 413 84 33
119	1774	0.0	3	1193 467 76 38
120	1320	0.0	3	895 343 51 31
121	1979	0.0	3	1106 746 96 31
122	1743	0.0	3	856 779 87 21
123	1813	0.0	3	1037 651 94 31
124	1614	0.0	3	1076 429 77 32
125	1418	0.0	3	955 367 59 37
126	1200	0.0	3	767 328 67 38
127	1010	0.0	3	645 272 66 27
128	1129	0.0	3	653 364 82 30
129	1600	0.0	3	640 838 101 21
130	1183	0.0	3	643 440 79 21
131	947	0.0	3	517 335 70 25
132	708	0.0	3	412 226 52 18
133	906	0.0	3	526 296 71 13
134	888	0.0	3	523 284 64 17
135	868	0.0	3	385 400 65 18
136	712	0.0	3	343 287 61 21
137	607	0.0	3	324 209 57 17
138	699	0.0	3	369 259 52 19
139	637	0.0	3	332 249 37 19
140	751	0.0	3	397 272 64 18
141	618	0.0	3	387 159 52 20
142	498	0.0	3	320 121 40 17
143	532	0.0	3	318 141 57 16
144	633	0.0	3	376 167 74 16
145	815	0.0	3	488 210 94 23
146	627	0.0	3	436 125 48 18
147	599	0.0	3	420 110 52 17
148	474	0.0	3	279 128 50 17
149	569	0.0	3	350 142 58 19
150	1519	0.0	3	1132 275 82 30
151	879	0.0	3	594 174 89 22
152	690	0.0	3	428 181 65 16
153	615	0.0	3	394 143 63 15
154	679	0.0	3	409 148 98 24
155	646	0.0	3	376 140 94 36
156	577	0.0	3	324 124 97 32
157	599	0.0	3	291 191 100 17
158	538	0.0	3	309 123 83 23
159	538	0.0	3	268 147 103 20
160	586	0.0	3	275 173 114 24
161	605	0.0	3	316 110 151 28
162	561	0.0	3	302 79 159 21
163	1033	0.0	3	282 109 559 83
164	451	0.0	3	287 98 42 24
165	395	0.0	3	280 90 16 9
166	417	0.0	3	306 81 21 9
167	560	0.0	3	384 129 36 11
168	343	0.0	3	225 81 28 9
169	417	0.0	3	200 106 94 17
170	395	0.0	3	282 80 16 17
171	473	0.0	3	288 152 29 4
172	441	0.0	3	280 111 36 14
173	350	0.0	3	247 80 15 8
174	390	0.0	3	240 79 58 13
175	448	0.0	3	318 101 18 11
176	365	0.0	3	256 74 20 15
177	309	0.0	3	213 64 23 9
178	403	0.0	3	258 87 51 7
179	424	0.0	3	295 102 18 9
180	355	0.0	3	251 76 15 13
181	335	0.0	3	247 59 16 13
182	334	0.0	3	247 57 23 7
183	341	0.0	3	227 70 35 9
184	345	0.0	3	252 64 22 7
185	345	0.0	3	263 58 15 9
186	332	0.0	3	235 68 21 8
187	310	0.0	3	207 73 21 9
188	356	0.0	3	249 70 28 9
189	332	0.0	3	252 50 20 10
190	385	0.0	3	252 95 31 7
191	382	0.0	3	235 98 37 12
192	396	0.0	3	242 95 46 13
193	520	0.0	3	252 191 63 14
194	489	0.0	3	247 152 75 15
195	393	0.0	3	224 72 78 19
196	348	0.0	3	211 89 36 12
197	407	0.0	3	220 120 53 14
198	423	0.0	3	263 91 60 9
199	582	0.0	3	354 162 52 14
200	518	0.0	3	283 181 46 8
201	610	0.0	3	281 250 62 17
202	563	0.0	3	307 194 49 13
203	449	0.0	3	269 116 53 11
204	434	0.0	3	224 139 53 18
205	804	0.0	3	255 413 111 25
206	1030	0.0	3	697 239 61 33
207	612	0.0	3	257 255 73 27
208	473	0.0	3	219 177 60 17
209	661	0.0	3	380 202 67 12
210	401	0.0	3	181 143 63 14
211	478	0.0	3	216 185 58 19
212	464	0.0	3	227 119 96 22
213	460	0.0	3	214 128 88 30
214	1019	0.0	3	541 249 195 34
215	998	0.0	3	303 415 232 48
216	424	0.0	3	224 129 54 17
217	462	0.0	3	277 102 67 16
218	462	0.0	3	282 110 50 20
219	528	0.0	3	221 179 95 33
220	626	0.0	3	325 167 108 26
221	498	0.0	3	268 147 73 10
222	790	0.0	3	410 302 54 24
223	497	0.0	3	273 155 57 12
224	635	0.0	3	284 281 49 21
225	442	0.0	3	273 124 25 20
226	699	0.0	3	465 157 38 39
227	969	0.0	3	483 217 70 199
228	689	0.0	3	343 229 79 38
229	941	0.0	3	515 281 95 50
230	1151	0.0	3	586 401 100 64
231	1028	0.0	3	565 317 83 63
232	2022	0.0	3	1120 692 124 86
233	4073	0.0	3	1931 1593 254 295
234	3751	0.0	3	1583 1659 246 263
235	1524	0.0	3	552 609 139 224
236	2191	0.0	3	325 1418 295 153
237	1442	0.0	3	292 725 226 199
238	1617	0.0	3	376 704 313 224
239	2001	0.0	3	437 707 501 356
240	2251	0.0	3	551 858 641 201
241	2301	0.0	3	354 757 679 511
242	3812	0.0	3	396 689 2083 644
243	2685	0.0	3	210 907 911 657
244	6054	0.0	3	420 1146 2396 2092
245	4308	0.0	3	724 2134 922 528
246	4421	0.0	3	1728 957 723 1013
247	4374	0.0	3	856 768 1374 1376
248	7881	0.0	3	1935 2048 2302 1596
249	21599	0.0	3	3428 5302 6631 6238
250	49643	0.0	3	12502 13326 12414 11401
251	123329	0.0	3	39168 32526 26229 25406
252	4532	0.0	3	1188 1103 1231 1010
253	600	0.0	3	32 126 230 212
254	1045	0.0	3	85 150 429 381
255	2323	0.0	3	297 503 868 655
256	5543	0.0	3	694 1231 1896 1722
257	195	0.0	3	31 39 44 81
258	44	0.0	3	8 13 10 13
259	35	0.0	3	9 5 9 12
260	31	0.0	3	10 5 11 5
261	14	0.0	3	1 3 7 3
262	9	0.0	3	1 2 4 2
263	14	0.0	3	2 4 3 5
264	25	0.0	3	3 5 9 8
265	41	0.0	3	3 12 15 11
266	22	0.0	3	3 8 8 3
267	7	0.0	3	0 2 2 3
268	7	0.0	3	1 2 2 2
269	22	0.0	3	3 6 11 2
270	21	0.0	3	2 3 8 8
271	11	0.0	3	1 4 3 3
272	23	0.0	3	3 4 3 13
273	39	0.0	3	8 8 11 12
274	101	0.0	3	15 33 25 28
275	11	0.0	3	3 1 3 4
276	6	0.0	3	1 2 1 2
277	6	0.0	3	2 0 2 2
278	1	0.0	3	1
279	9	0.0	3	5 0 3 1
280	2	0.0	3	0 2
281	2	0.0	3	0 0 2
282	1	0.0	3	0 1


=== First read: Adapter 2 ===

Sequence: GTGACTGGAGTTCAGACGTGTGCTCTTCCGATCTT; Type: regular 5'; Length: 35; Trimmed: 5 times

Minimum overlap: 3
No. of allowed errors:
1-9 bp: 0; 10-19 bp: 1; 20-29 bp: 2; 30-35 bp: 3

Overview of removed sequences
length	count	expect	max.err	error counts
3	3	42795.7	0	3
4	2	10698.9	0	2


=== Second read: Adapter 3 ===

Sequence: AGATCGGAAGAGCGTCGTGTAGGGAAAGAGTGT; Type: regular 3'; Length: 33; Trimmed: 2599964 times

Minimum overlap: 3
No. of allowed errors:
1-9 bp: 0; 10-19 bp: 1; 20-29 bp: 2; 30-33 bp: 3

Bases preceding removed adapters:
  A: 0.4%
  C: 96.9%
  G: 0.1%
  T: 0.3%
  none/other: 2.3%
WARNING:
    The adapter is preceded by 'C' extremely often.
    The provided adapter sequence could be incomplete at its 5' end.
    Ignore this warning when trimming primers.

Overview of removed sequences
length	count	expect	max.err	error counts
3	4212	42795.7	0	4212
4	3186	10698.9	0	3186
5	2062	2674.7	0	2062
8	2038	41.8	0	2038
9	1315	10.4	0	1315
10	78	2.6	1	0 78
11	2705	0.7	1	2050 655
12	25	0.2	1	0 25
13	731	0.0	1	416 315
14	15	0.0	1	0 15
15	394	0.0	1	205 189
16	580	0.0	1	298 282
17	14	0.0	1	0 14
18	355	0.0	1	171 183 1
19	27	0.0	1	0 13 14
20	1491	0.0	2	441 608 442
21	1794	0.0	2	540 770 484
22	17	0.0	2	0 8 9
23	13	0.0	2	0 8 5
24	12	0.0	2	0 5 7
25	213	0.0	2	52 96 65
26	1377	0.0	2	316 546 515
27	1457	0.0	2	278 596 583
28	45	0.0	2	0 21 24
29	670	0.0	2	187 270 211 2
30	34	0.0	3	0 19 10 5
31	626	0.0	3	192 224 137 73
32	22	0.0	3	0 8 8 6
33	858	0.0	3	281 293 178 106
34	639	0.0	3	176 213 136 114
35	614	0.0	3	177 204 143 90
36	530	0.0	3	139 150 147 94
37	830	0.0	3	163 223 230 214
38	4032	0.0	3	855 1128 1053 996
39	281	0.0	3	55 72 72 82
40	579	0.0	3	200 159 122 98
41	3957	0.0	3	890 1078 1058 931
42	866	0.0	3	236 213 217 200
43	9864	0.0	3	1994 2883 2691 2296
44	15451	0.0	3	3672 5239 3716 2824
45	349	0.0	3	52 101 115 81
46	9753	0.0	3	2319 3917 2213 1304
47	10926	0.0	3	3903 2048 2552 2423
48	11674	0.0	3	4457 2086 2756 2375
49	5288	0.0	3	1444 1084 2004 756
50	8916	0.0	3	3955 2836 1347 778
51	140	0.0	3	22 49 40 29
52	276	0.0	3	71 91 58 56
53	11898	0.0	3	6168 3540 1462 728
54	251	0.0	3	71 81 62 37
55	192	0.0	3	64 65 42 21
56	12251	0.0	3	6226 3621 1527 877
57	21232	0.0	3	10099 6987 2585 1561
58	487	0.0	3	91 170 135 91
59	45541	0.0	3	19744 9971 8606 7220
60	8010	0.0	3	2876 2860 1483 791
61	84	0.0	3	14 27 23 20
62	3741	0.0	3	1589 1381 511 260
63	4829	0.0	3	2154 1713 623 339
64	5288	0.0	3	2269 1958 658 403
65	5840	0.0	3	3219 2000 476 145
66	11491	0.0	3	5512 5028 758 193
67	113144	0.0	3	51446 56878 4139 681
68	20464	0.0	3	10477 6267 2677 1043
69	21914	0.0	3	13089 4744 2911 1170
70	452452	0.0	3	265120 77753 58612 50967
71	296108	0.0	3	140035 98828 52371 4874
72	29250	0.0	3	12728 12261 3041 1220
73	86642	0.0	3	39105 43869 3072 596
74	15096	0.0	3	9419 4154 1091 432
75	84553	0.0	3	62022 15776 3375 3380
76	93772	0.0	3	70718 18395 3476 1183
77	78620	0.0	3	65611 9615 2408 986
78	756042	0.0	3	639427 98165 14102 4348
79	77262	0.0	3	61270 11340 3164 1488
80	10411	0.0	3	5338 3561 1015 497
81	8068	0.0	3	2849 3964 878 377
82	8418	0.0	3	1520 5567 935 396
83	19780	0.0	3	1865 14821 2172 922
84	915	0.0	3	252 268 223 172
85	82	0.0	3	25 18 19 20
86	458	0.0	3	8 356 68 26
87	931	0.0	3	10 727 121 73
88	1976	0.0	3	6 1558 256 156
89	941	0.0	3	3 818 97 23
90	710	0.0	3	6 601 73 30
91	748	0.0	3	3 655 63 27
92	539	0.0	3	3 468 52 16
93	352	0.0	3	1 292 44 15
94	241	0.0	3	0 192 36 13
95	383	0.0	3	0 334 36 13
96	154	0.0	3	1 120 24 9
97	454	0.0	3	1 395 41 17
98	164	0.0	3	0 131 23 10
99	154	0.0	3	1 133 18 2
100	147	0.0	3	1 122 16 8
101	73	0.0	3	0 56 10 7
102	100	0.0	3	0 79 17 4
103	68	0.0	3	0 46 17 5
104	102	0.0	3	3 85 10 4
105	110	0.0	3	0 99 7 4
106	115	0.0	3	0 97 12 6
107	57	0.0	3	0 44 9 4
108	60	0.0	3	0 47 7 6
109	118	0.0	3	2 94 17 5
110	90	0.0	3	2 68 14 6
111	114	0.0	3	6 86 16 6
112	60	0.0	3	0 36 18 6
113	139	0.0	3	6 111 12 10
114	161	0.0	3	8 132 13 8
115	85	0.0	3	11 51 14 9
116	90	0.0	3	0 70 16 4
117	108	0.0	3	0 89 18 1
118	120	0.0	3	0 92 19 9
119	95	0.0	3	1 67 19 8
120	113	0.0	3	1 84 22 6
121	100	0.0	3	0 75 19 6
122	165	0.0	3	0 134 21 10
123	97	0.0	3	2 67 21 7
124	153	0.0	3	0 123 23 7
125	88	0.0	3	7 60 13 8
126	52	0.0	3	2 34 10 6
127	116	0.0	3	5 77 22 12
128	79	0.0	3	6 51 17 5
129	109	0.0	3	25 57 20 7
130	73	0.0	3	9 39 17 8
131	96	0.0	3	6 73 9 8
132	79	0.0	3	7 48 16 8
133	71	0.0	3	1 45 16 9
134	56	0.0	3	0 40 12 4
135	101	0.0	3	2 71 21 7
136	74	0.0	3	10 49 11 4
137	77	0.0	3	3 42 22 10
138	59	0.0	3	3 33 19 4
139	70	0.0	3	5 40 15 10
140	65	0.0	3	3 38 14 10
141	60	0.0	3	5 33 15 7
142	76	0.0	3	10 43 16 7
143	80	0.0	3	10 53 9 8
144	101	0.0	3	23 54 19 5
145	130	0.0	3	59 48 18 5
146	122	0.0	3	34 64 16 8
147	70	0.0	3	10 40 12 8
148	114	0.0	3	59 38 13 4
149	88	0.0	3	19 53 13 3
150	89	0.0	3	26 43 15 5
151	168	0.0	3	100 41 16 11
152	144	0.0	3	70 47 20 7
153	357	0.0	3	210 95 32 20
154	914	0.0	3	748 115 41 10
155	169	0.0	3	59 63 31 16
156	135	0.0	3	40 62 22 11
157	122	0.0	3	38 52 25 7
158	177	0.0	3	64 67 24 22
159	199	0.0	3	59 100 25 15
160	122	0.0	3	32 62 21 7
161	114	0.0	3	33 45 28 8
162	113	0.0	3	43 37 21 12
163	133	0.0	3	47 52 24 10
164	156	0.0	3	52 79 16 9
165	151	0.0	3	59 64 21 7
166	194	0.0	3	72 71 31 20
167	130	0.0	3	34 68 22 6
168	176	0.0	3	34 100 28 14
169	155	0.0	3	26 80 30 19
170	179	0.0	3	27 84 40 28
171	181	0.0	3	30 77 42 32
172	236	0.0	3	58 98 54 26
173	312	0.0	3	74 126 67 45
174	362	0.0	3	37 177 95 53
175	218	0.0	3	84 83 33 18
176	283	0.0	3	143 86 37 17
177	194	0.0	3	84 70 23 17
178	92	0.0	3	21 44 16 11
179	130	0.0	3	26 63 22 19
180	142	0.0	3	36 48 43 15
181	141	0.0	3	34 57 32 18
182	125	0.0	3	37 49 24 15
183	97	0.0	3	29 46 11 11
184	149	0.0	3	43 64 27 15
185	316	0.0	3	190 71 36 19
186	149	0.0	3	17 64 47 21
187	121	0.0	3	53 41 15 12
188	128	0.0	3	68 36 18 6
189	219	0.0	3	132 56 15 16
190	223	0.0	3	137 56 21 9
191	118	0.0	3	64 39 7 8
192	68	0.0	3	12 34 16 6
193	80	0.0	3	19 41 12 8
194	90	0.0	3	14 49 15 12
195	105	0.0	3	21 51 25 8
196	75	0.0	3	11 35 17 12
197	52	0.0	3	13 22 11 6
198	54	0.0	3	15 27 6 6
199	45	0.0	3	12 16 13 4
200	29	0.0	3	10 10 9
201	31	0.0	3	9 12 4 6
202	31	0.0	3	6 13 7 5
203	37	0.0	3	10 15 5 7
204	40	0.0	3	18 7 9 6
205	78	0.0	3	48 20 5 5
206	83	0.0	3	57 14 9 3
207	86	0.0	3	62 18 4 2
208	32	0.0	3	21 8 1 2
209	39	0.0	3	31 4 3 1
210	35	0.0	3	24 8 1 2
211	34	0.0	3	22 6 4 2
212	36	0.0	3	22 7 5 2
213	27	0.0	3	21 3 2 1
214	22	0.0	3	12 6 4
215	52	0.0	3	35 12 2 3
216	34	0.0	3	24 4 4 2
217	39	0.0	3	28 9 2
218	41	0.0	3	22 13 3 3
219	44	0.0	3	36 4 2 2
220	35	0.0	3	25 4 5 1
221	49	0.0	3	33 11 3 2
222	294	0.0	3	251 32 8 3
223	138	0.0	3	103 22 9 4
224	515	0.0	3	450 45 14 6
225	135	0.0	3	82 33 13 7
226	96	0.0	3	54 25 10 7
227	124	0.0	3	95 16 10 3
228	82	0.0	3	58 17 4 3
229	318	0.0	3	268 34 13 3
230	388	0.0	3	321 38 20 9
231	685	0.0	3	587 70 17 11
232	158	0.0	3	119 24 6 9
233	478	0.0	3	408 54 11 5
234	137	0.0	3	105 21 8 3
235	263	0.0	3	214 38 7 4
236	393	0.0	3	312 48 22 11
237	253	0.0	3	166 60 16 11
238	312	0.0	3	149 119 35 9
239	439	0.0	3	350 62 22 5
240	1144	0.0	3	929 167 39 9
241	409	0.0	3	270 89 38 12
242	589	0.0	3	382 152 39 16
243	1792	0.0	3	1014 624 122 32
244	1529	0.0	3	1149 276 82 22
245	2916	0.0	3	2000 715 162 39
246	3506	0.0	3	2375 835 248 48
247	4347	0.0	3	2865 1034 350 98
248	14206	0.0	3	8830 3892 1180 304
249	19747	0.0	3	13251 4670 1426 400
250	91159	0.0	3	60287 23712 5890 1270
251	4046	0.0	3	2124 1178 491 253
252	685	0.0	3	348 175 100 62
253	1259	0.0	3	573 446 157 83
254	1783	0.0	3	848 560 232 143
255	6951	0.0	3	3493 2232 771 455
256	307	0.0	3	125 84 58 40
257	55	0.0	3	26 11 6 12
258	26	0.0	3	11 7 7 1
259	27	0.0	3	16 8 3
260	25	0.0	3	12 9 4
261	7	0.0	3	4 2 1
262	15	0.0	3	8 3 3 1
263	15	0.0	3	5 5 4 1
264	33	0.0	3	19 10 3 1
265	6	0.0	3	4 1 1
266	7	0.0	3	5 0 1 1
267	8	0.0	3	6 1 0 1
268	18	0.0	3	7 8 2 1
269	28	0.0	3	13 9 6
270	11	0.0	3	6 4 1
271	14	0.0	3	4 4 4 2
272	24	0.0	3	9 11 3 1
273	88	0.0	3	48 32 7 1
274	9	0.0	3	4 4 1
275	3	0.0	3	2 1
276	6	0.0	3	2 3 1
277	1	0.0	3	1
278	1	0.0	3	1
279	1	0.0	3	1
280	3	0.0	3	0 1 1 1
281	3	0.0	3	2 1
286	1	0.0	3	0 1


WARNING:
    One or more of your adapter sequences may be incomplete.
    Please see the detailed output above.
