Read1 before filtering:
total reads: 1573624
total bases: 81238905
Q20 bases: 79242744(97.5429%)
Q30 bases: 78373631(96.473%)

Read2 before filtering:
total reads: 1573624
total bases: 85766026
Q20 bases: 79036006(92.153%)
Q30 bases: 77329136(90.1629%)

Merged and filtered:
total reads: 1545452
total bases: 77198753
Q20 bases: 77083165(99.8503%)
Q30 bases: 76679353(99.3272%)

Filtering result:
reads passed filter: 3096030
reads failed due to low quality: 51218
reads failed due to too many N: 0
reads failed due to too short: 0
reads corrected by overlap analysis: 31733
bases corrected by overlap analysis: 47279

Duplication rate: 96.4458%

Insert size peak (evaluated by paired-end reads): 50

Read pairs merged: 1545452
% of original read pairs: 98.2097%
% in reads after filtering: 100%


JSON report: Merged/DK4_6.json
HTML report: Merged/DK4_6.html

fastp -A -m -c --overlap_len_require 10 --merged_out Merged/DK4_6.fq.gz -i ../Trim/DK4_6.1.fq.gz -I ../Trim/DK4_6.2.fq.gz -o Merged/DK4_6.un.1.fq.gz -O Merged/DK4_6.un.2.fq.gz -j Merged/DK4_6.json -h Merged/DK4_6.html 
fastp v0.23.4, time used: 3 seconds
